Archive member included to satisfy reference by file (symbol)

/usr/lib/gcc/arm-none-eabi/13.2.1/thumb/v8-m.main+fp/hard/libgcc.a(_aeabi_uldivmod.o)
                              CMakeFiles/anoki.dir/Drivers/STM32U5xx_HAL_Driver/Src/stm32u5xx_hal_uart.c.obj (__aeabi_uldivmod)
/usr/lib/gcc/arm-none-eabi/13.2.1/thumb/v8-m.main+fp/hard/libgcc.a(_udivmoddi4.o)
                              /usr/lib/gcc/arm-none-eabi/13.2.1/thumb/v8-m.main+fp/hard/libgcc.a(_aeabi_uldivmod.o) (__udivmoddi4)
/usr/lib/gcc/arm-none-eabi/13.2.1/thumb/v8-m.main+fp/hard/libgcc.a(_dvmd_tls.o)
                              /usr/lib/gcc/arm-none-eabi/13.2.1/thumb/v8-m.main+fp/hard/libgcc.a(_aeabi_uldivmod.o) (__aeabi_ldiv0)
/usr/lib/gcc/arm-none-eabi/13.2.1/../../../arm-none-eabi/lib/thumb/v8-m.main+fp/hard/libg.a(libc_a-memset.o)
                              /usr/lib/gcc/arm-none-eabi/13.2.1/../../../arm-none-eabi/lib/thumb/v8-m.main+fp/hard/crt0.o (memset)
/usr/lib/gcc/arm-none-eabi/13.2.1/../../../arm-none-eabi/lib/thumb/v8-m.main+fp/hard/libg.a(libc_a-errno.o)
                              CMakeFiles/anoki.dir/Core/Src/syscalls.c.obj (__errno)
/usr/lib/gcc/arm-none-eabi/13.2.1/../../../arm-none-eabi/lib/thumb/v8-m.main+fp/hard/libg.a(libc_a-impure.o)
                              /usr/lib/gcc/arm-none-eabi/13.2.1/../../../arm-none-eabi/lib/thumb/v8-m.main+fp/hard/libg.a(libc_a-errno.o) (_impure_ptr)
/usr/lib/gcc/arm-none-eabi/13.2.1/../../../arm-none-eabi/lib/thumb/v8-m.main+fp/hard/libg.a(libc_a-init.o)
                              /usr/lib/gcc/arm-none-eabi/13.2.1/../../../arm-none-eabi/lib/thumb/v8-m.main+fp/hard/crt0.o (__libc_init_array)
/usr/lib/gcc/arm-none-eabi/13.2.1/../../../arm-none-eabi/lib/thumb/v8-m.main+fp/hard/libg.a(libc_a-findfp.o)
                              /usr/lib/gcc/arm-none-eabi/13.2.1/../../../arm-none-eabi/lib/thumb/v8-m.main+fp/hard/libg.a(libc_a-impure.o) (__sf)
/usr/lib/gcc/arm-none-eabi/13.2.1/../../../arm-none-eabi/lib/thumb/v8-m.main+fp/hard/libg.a(libc_a-exit.o)
                              /usr/lib/gcc/arm-none-eabi/13.2.1/../../../arm-none-eabi/lib/thumb/v8-m.main+fp/hard/crt0.o (exit)
/usr/lib/gcc/arm-none-eabi/13.2.1/../../../arm-none-eabi/lib/thumb/v8-m.main+fp/hard/libg.a(libc_a-atexit.o)
                              /usr/lib/gcc/arm-none-eabi/13.2.1/../../../arm-none-eabi/lib/thumb/v8-m.main+fp/hard/crt0.o (atexit)
/usr/lib/gcc/arm-none-eabi/13.2.1/../../../arm-none-eabi/lib/thumb/v8-m.main+fp/hard/libg.a(libc_a-fini.o)
                              /usr/lib/gcc/arm-none-eabi/13.2.1/../../../arm-none-eabi/lib/thumb/v8-m.main+fp/hard/crt0.o (__libc_fini_array)
/usr/lib/gcc/arm-none-eabi/13.2.1/../../../arm-none-eabi/lib/thumb/v8-m.main+fp/hard/libg.a(libc_a-fwalk.o)
                              /usr/lib/gcc/arm-none-eabi/13.2.1/../../../arm-none-eabi/lib/thumb/v8-m.main+fp/hard/libg.a(libc_a-findfp.o) (_fwalk_sglue)
/usr/lib/gcc/arm-none-eabi/13.2.1/../../../arm-none-eabi/lib/thumb/v8-m.main+fp/hard/libg.a(libc_a-mallocr.o)
                              /usr/lib/gcc/arm-none-eabi/13.2.1/../../../arm-none-eabi/lib/thumb/v8-m.main+fp/hard/libg.a(libc_a-findfp.o) (_malloc_r)
/usr/lib/gcc/arm-none-eabi/13.2.1/../../../arm-none-eabi/lib/thumb/v8-m.main+fp/hard/libg.a(libc_a-freer.o)
                              /usr/lib/gcc/arm-none-eabi/13.2.1/../../../arm-none-eabi/lib/thumb/v8-m.main+fp/hard/libg.a(libc_a-mallocr.o) (_free_r)
/usr/lib/gcc/arm-none-eabi/13.2.1/../../../arm-none-eabi/lib/thumb/v8-m.main+fp/hard/libg.a(libc_a-fclose.o)
                              /usr/lib/gcc/arm-none-eabi/13.2.1/../../../arm-none-eabi/lib/thumb/v8-m.main+fp/hard/libg.a(libc_a-findfp.o) (_fclose_r)
/usr/lib/gcc/arm-none-eabi/13.2.1/../../../arm-none-eabi/lib/thumb/v8-m.main+fp/hard/libg.a(libc_a-__call_atexit.o)
                              /usr/lib/gcc/arm-none-eabi/13.2.1/../../../arm-none-eabi/lib/thumb/v8-m.main+fp/hard/libg.a(libc_a-exit.o) (__call_exitprocs)
/usr/lib/gcc/arm-none-eabi/13.2.1/../../../arm-none-eabi/lib/thumb/v8-m.main+fp/hard/libg.a(libc_a-sysconf.o)
                              /usr/lib/gcc/arm-none-eabi/13.2.1/../../../arm-none-eabi/lib/thumb/v8-m.main+fp/hard/libg.a(libc_a-mallocr.o) (sysconf)
/usr/lib/gcc/arm-none-eabi/13.2.1/../../../arm-none-eabi/lib/thumb/v8-m.main+fp/hard/libg.a(libc_a-stdio.o)
                              /usr/lib/gcc/arm-none-eabi/13.2.1/../../../arm-none-eabi/lib/thumb/v8-m.main+fp/hard/libg.a(libc_a-findfp.o) (__sread)
/usr/lib/gcc/arm-none-eabi/13.2.1/../../../arm-none-eabi/lib/thumb/v8-m.main+fp/hard/libg.a(libc_a-__atexit.o)
                              /usr/lib/gcc/arm-none-eabi/13.2.1/../../../arm-none-eabi/lib/thumb/v8-m.main+fp/hard/libg.a(libc_a-atexit.o) (__register_exitproc)
/usr/lib/gcc/arm-none-eabi/13.2.1/../../../arm-none-eabi/lib/thumb/v8-m.main+fp/hard/libg.a(libc_a-writer.o)
                              /usr/lib/gcc/arm-none-eabi/13.2.1/../../../arm-none-eabi/lib/thumb/v8-m.main+fp/hard/libg.a(libc_a-stdio.o) (_write_r)
[...]
Memory Configuration

Name             Origin             Length             Attributes
*default*        0x00000000         0xffffffff

Linker script and memory map

LOAD /usr/lib/gcc/arm-none-eabi/13.2.1/thumb/v8-m.main+fp/hard/crti.o
LOAD /usr/lib/gcc/arm-none-eabi/13.2.1/thumb/v8-m.main+fp/hard/crtbegin.o
LOAD /usr/lib/gcc/arm-none-eabi/13.2.1/../../../arm-none-eabi/lib/thumb/v8-m.main+fp/hard/crt0.o
LOAD CMakeFiles/anoki.dir/App/Src/beamformer.c.obj
LOAD CMakeFiles/anoki.dir/App/Src/bf_spi.c.obj
LOAD CMakeFiles/anoki.dir/App/Src/converter.c.obj
LOAD CMakeFiles/anoki.dir/App/Src/main.c.obj
LOAD CMakeFiles/anoki.dir/App/Src/usb-spi-control.c.obj
LOAD CMakeFiles/anoki.dir/Core/Src/gpio.c.obj
LOAD CMakeFiles/anoki.dir/Core/Src/icache.c.obj
LOAD CMakeFiles/anoki.dir/Core/Src/main.c.obj
LOAD CMakeFiles/anoki.dir/Core/Src/spi.c.obj
LOAD CMakeFiles/anoki.dir/Core/Src/stm32u5xx_hal_msp.c.obj
LOAD CMakeFiles/anoki.dir/Core/Src/stm32u5xx_hal_timebase_tim.c.obj
LOAD CMakeFiles/anoki.dir/Core/Src/stm32u5xx_it.c.obj
LOAD CMakeFiles/anoki.dir/Core/Src/syscalls.c.obj
LOAD CMakeFiles/anoki.dir/Core/Src/sysmem.c.obj
LOAD CMakeFiles/anoki.dir/Core/Src/system_stm32u5xx.c.obj
LOAD CMakeFiles/anoki.dir/Drivers/BSP/STM32U5xx_Nucleo/stm32u5xx_nucleo.c.obj
LOAD CMakeFiles/anoki.dir/Drivers/BSP/STM32U5xx_Nucleo/stm32u5xx_nucleo_usbpd_pwr.c.obj
LOAD CMakeFiles/anoki.dir/Drivers/STM32U5xx_HAL_Driver/Src/stm32u5xx_hal.c.obj
LOAD CMakeFiles/anoki.dir/Drivers/STM32U5xx_HAL_Driver/Src/stm32u5xx_hal_cortex.c.obj
LOAD CMakeFiles/anoki.dir/Drivers/STM32U5xx_HAL_Driver/Src/stm32u5xx_hal_dma.c.obj
LOAD CMakeFiles/anoki.dir/Drivers/STM32U5xx_HAL_Driver/Src/stm32u5xx_hal_dma_ex.c.obj
LOAD CMakeFiles/anoki.dir/Drivers/STM32U5xx_HAL_Driver/Src/stm32u5xx_hal_exti.c.obj
LOAD CMakeFiles/anoki.dir/Drivers/STM32U5xx_HAL_Driver/Src/stm32u5xx_hal_flash.c.obj
LOAD CMakeFiles/anoki.dir/Drivers/STM32U5xx_HAL_Driver/Src/stm32u5xx_hal_flash_ex.c.obj
LOAD CMakeFiles/anoki.dir/Drivers/STM32U5xx_HAL_Driver/Src/stm32u5xx_hal_gpio.c.obj
LOAD CMakeFiles/anoki.dir/Drivers/STM32U5xx_HAL_Driver/Src/stm32u5xx_hal_gtzc.c.obj
LOAD CMakeFiles/anoki.dir/Drivers/STM32U5xx_HAL_Driver/Src/stm32u5xx_hal_i2c.c.obj
LOAD CMakeFiles/anoki.dir/Drivers/STM32U5xx_HAL_Driver/Src/stm32u5xx_hal_i2c_ex.c.obj
LOAD CMakeFiles/anoki.dir/Drivers/STM32U5xx_HAL_Driver/Src/stm32u5xx_hal_icache.c.obj
LOAD CMakeFiles/anoki.dir/Drivers/STM32U5xx_HAL_Driver/Src/stm32u5xx_hal_pwr.c.obj
LOAD CMakeFiles/anoki.dir/Drivers/STM32U5xx_HAL_Driver/Src/stm32u5xx_hal_pwr_ex.c.obj
LOAD CMakeFiles/anoki.dir/Drivers/STM32U5xx_HAL_Driver/Src/stm32u5xx_hal_rcc.c.obj
LOAD CMakeFiles/anoki.dir/Drivers/STM32U5xx_HAL_Driver/Src/stm32u5xx_hal_rcc_ex.c.obj
LOAD CMakeFiles/anoki.dir/Drivers/STM32U5xx_HAL_Driver/Src/stm32u5xx_hal_spi.c.obj
LOAD CMakeFiles/anoki.dir/Drivers/STM32U5xx_HAL_Driver/Src/stm32u5xx_hal_spi_ex.c.obj
LOAD CMakeFiles/anoki.dir/Drivers/STM32U5xx_HAL_Driver/Src/stm32u5xx_hal_tim.c.obj
LOAD CMakeFiles/anoki.dir/Drivers/STM32U5xx_HAL_Driver/Src/stm32u5xx_hal_tim_ex.c.obj
LOAD CMakeFiles/anoki.dir/Drivers/STM32U5xx_HAL_Driver/Src/stm32u5xx_hal_uart.c.obj
LOAD CMakeFiles/anoki.dir/Drivers/STM32U5xx_HAL_Driver/Src/stm32u5xx_hal_uart_ex.c.obj
LOAD CMakeFiles/anoki.dir/Drivers/STM32U5xx_HAL_Driver/Src/stm32u5xx_hal_usart.c.obj
LOAD CMakeFiles/anoki.dir/Drivers/STM32U5xx_HAL_Driver/Src/stm32u5xx_hal_usart_ex.c.obj
LOAD CMakeFiles/anoki.dir/startup_stm32u575xx.s.obj
START GROUP
LOAD /usr/lib/gcc/arm-none-eabi/13.2.1/thumb/v8-m.main+fp/hard/libgcc.a
LOAD /usr/lib/gcc/arm-none-eabi/13.2.1/../../../arm-none-eabi/lib/thumb/v8-m.main+fp/hard/libg.a
LOAD /usr/lib/gcc/arm-none-eabi/13.2.1/../../../arm-none-eabi/lib/thumb/v8-m.main+fp/hard/libc.a
END GROUP
LOAD /usr/lib/gcc/arm-none-eabi/13.2.1/thumb/v8-m.main+fp/hard/crtend.o
LOAD /usr/lib/gcc/arm-none-eabi/13.2.1/thumb/v8-m.main+fp/hard/crtn.o
                [!provide]                        PROVIDE (__executable_start = SEGMENT_START ("text-segment", 0x8000))
                0x00008000                        . = SEGMENT_START ("text-segment", 0x8000)

.interp
 *(.interp)

.note.gnu.build-id
 *(.note.gnu.build-id)

.hash
 *(.hash)

.gnu.hash
 *(.gnu.hash)

.dynsym
 *(.dynsym)

.dynstr
 *(.dynstr)

.gnu.version
 *(.gnu.version)

.gnu.version_d
 *(.gnu.version_d)

.gnu.version_r
 *(.gnu.version_r)

.rel.dyn        0x00008000        0x0
 *(.rel.init)
 *(.rel.text .rel.text.* .rel.gnu.linkonce.t.*)
 *(.rel.fini)
 *(.rel.rodata .rel.rodata.* .rel.gnu.linkonce.r.*)
 *(.rel.data.rel.ro .rel.data.rel.ro.* .rel.gnu.linkonce.d.rel.ro.*)
 *(.rel.data .rel.data.* .rel.gnu.linkonce.d.*)
 *(.rel.tdata .rel.tdata.* .rel.gnu.linkonce.td.*)
 *(.rel.tbss .rel.tbss.* .rel.gnu.linkonce.tb.*)
 *(.rel.ctors)
 *(.rel.dtors)
 *(.rel.got)
 *(.rel.bss .rel.bss.* .rel.gnu.linkonce.b.*)
                [!provide]                        PROVIDE (__rel_iplt_start = .)
 *(.rel.iplt)
 .rel.iplt      0x00008000        0x0 /usr/lib/gcc/arm-none-eabi/13.2.1/thumb/v8-m.main+fp/hard/crtbegin.o
                [!provide]                        PROVIDE (__rel_iplt_end = .)

.rela.dyn       0x00008000        0x0
 *(.rela.init)
 *(.rela.text .rela.text.* .rela.gnu.linkonce.t.*)
 *(.rela.fini)
 *(.rela.rodata .rela.rodata.* .rela.gnu.linkonce.r.*)
 *(.rela.data .rela.data.* .rela.gnu.linkonce.d.*)
 *(.rela.tdata .rela.tdata.* .rela.gnu.linkonce.td.*)
 *(.rela.tbss .rela.tbss.* .rela.gnu.linkonce.tb.*)
 *(.rela.ctors)
 *(.rela.dtors)
 *(.rela.got)
 *(.rela.bss .rela.bss.* .rela.gnu.linkonce.b.*)
                [!provide]                        PROVIDE (__rela_iplt_start = .)
 *(.rela.iplt)
                [!provide]                        PROVIDE (__rela_iplt_end = .)

.rel.plt
 *(.rel.plt)

.rela.plt
 *(.rela.plt)

.init           0x00008000        0xc
 *(SORT_NONE(.init))
 .init          0x00008000        0x4 /usr/lib/gcc/arm-none-eabi/13.2.1/thumb/v8-m.main+fp/hard/crti.o
                0x00008000                _init
 .init          0x00008004        0x8 /usr/lib/gcc/arm-none-eabi/13.2.1/thumb/v8-m.main+fp/hard/crtn.o

.plt
 *(.plt)

.iplt           0x0000800c        0x0
 *(.iplt)
 .iplt          0x0000800c        0x0 /usr/lib/gcc/arm-none-eabi/13.2.1/thumb/v8-m.main+fp/hard/crtbegin.o

.gnu.sgstubs
 *(.gnu.sgstubs*)

.text           0x0000800c     0x7540
 *(.text.unlikely .text.*_unlikely .text.unlikely.*)
 *(.text.exit .text.exit.*)
 *(.text.startup .text.startup.*)
 .text.startup  0x0000800c       0x14 /usr/lib/gcc/arm-none-eabi/13.2.1/../../../arm-none-eabi/lib/thumb/v8-m.main+fp/hard/libg.a(libc_a-__call_atexit.o)
 *(.text.hot .text.hot.*)
 *(SORT_BY_NAME(.text.sorted.*))
 *(.text .stub .text.* .gnu.linkonce.t.*)
 .text          0x00008020       0x8c /usr/lib/gcc/arm-none-eabi/13.2.1/thumb/v8-m.main+fp/hard/crtbegin.o
 .text          0x000080ac       0x70 /usr/lib/gcc/arm-none-eabi/13.2.1/../../../arm-none-eabi/lib/thumb/v8-m.main+fp/hard/crt0.o
                0x000080ac                _stack_init
                0x000080b4                _mainCRTStartup
                0x000080b4                _start
 .text.BF_Pack60
                0x0000811c       0x5e CMakeFiles/anoki.dir/App/Src/beamformer.c.obj
                0x0000811c                BF_Pack60
 .text.BF_Pack62
                0x0000817a       0xa6 CMakeFiles/anoki.dir/App/Src/beamformer.c.obj
                0x0000817a                BF_Pack62
 .text.BF_Pack62_to2x31
                0x00008220       0x4a CMakeFiles/anoki.dir/App/Src/beamformer.c.obj
                0x00008220                BF_Pack62_to2x31
 .text.BF_Pack34_to2x17
                0x0000826a      0x1a2 CMakeFiles/anoki.dir/App/Src/beamformer.c.obj
                0x0000826a                BF_Pack34_to2x17
 .text.BF_Pack60_to2x30
                0x0000840c       0x4a CMakeFiles/anoki.dir/App/Src/beamformer.c.obj
                0x0000840c                BF_Pack60_to2x30
 .text.BF_Send60
                0x00008456       0x4c CMakeFiles/anoki.dir/App/Src/beamformer.c.obj
                0x00008456                BF_Send60
 .text.BF_Send62_Broadcast
                0x000084a2       0x4c CMakeFiles/anoki.dir/App/Src/beamformer.c.obj
                0x000084a2                BF_Send62_Broadcast
 .text.BF_Send34_FastBeam
                0x000084ee       0x4c CMakeFiles/anoki.dir/App/Src/beamformer.c.obj
                0x000084ee                BF_Send34_FastBeam
 .text.BF_SPI_DatasizeForBits
                0x0000853a       0x38 CMakeFiles/anoki.dir/App/Src/bf_spi.c.obj
 *fill*         0x00008572        0x2 
 .text.BF_SPI_ReInitDataSize
                0x00008574       0x7c CMakeFiles/anoki.dir/App/Src/bf_spi.c.obj
                0x00008574                BF_SPI_ReInitDataSize
 .text.BF_SPI_ReInitForBits
                0x000085f0       0x2e CMakeFiles/anoki.dir/App/Src/bf_spi.c.obj
                0x000085f0                BF_SPI_ReInitForBits
 *fill*         0x0000861e        0x2 
 .text.BF_SPI_Send2Words
                0x00008620       0x6c CMakeFiles/anoki.dir/App/Src/bf_spi.c.obj
                0x00008620                BF_SPI_Send2Words
 .text.App_BeamformerDemo
                0x0000868c       0x78 CMakeFiles/anoki.dir/App/Src/main.c.obj
                0x0000868c                App_BeamformerDemo
 .text.MX_GPIO_Init
                0x00008704       0xa8 CMakeFiles/anoki.dir/Core/Src/gpio.c.obj
                0x00008704                MX_GPIO_Init
 .text.MX_ICACHE_Init
                0x000087ac       0x26 CMakeFiles/anoki.dir/Core/Src/icache.c.obj
                0x000087ac                MX_ICACHE_Init
 *fill*         0x000087d2        0x2 
 .text.main     0x000087d4       0xa0 CMakeFiles/anoki.dir/Core/Src/main.c.obj
                0x000087d4                main
 .text.SystemClock_Config
                0x00008874       0x92 CMakeFiles/anoki.dir/Core/Src/main.c.obj
                0x00008874                SystemClock_Config
 .text.SystemPower_Config
                0x00008906       0x1c CMakeFiles/anoki.dir/Core/Src/main.c.obj
 .text.Error_Handler
                0x00008922        0xc CMakeFiles/anoki.dir/Core/Src/main.c.obj
                0x00008922                Error_Handler
 *fill*         0x0000892e        0x2 
 .text.MX_SPI1_Init
                0x00008930       0xa8 CMakeFiles/anoki.dir/Core/Src/spi.c.obj
                0x00008930                MX_SPI1_Init
 .text.HAL_SPI_MspInit
                0x000089d8       0xf0 CMakeFiles/anoki.dir/Core/Src/spi.c.obj
                0x000089d8                HAL_SPI_MspInit
 .text.HAL_SPI_MspDeInit
                0x00008ac8       0x40 CMakeFiles/anoki.dir/Core/Src/spi.c.obj
                0x00008ac8                HAL_SPI_MspDeInit
 .text.HAL_MspInit
                0x00008b08       0x38 CMakeFiles/anoki.dir/Core/Src/stm32u5xx_hal_msp.c.obj
                0x00008b08                HAL_MspInit
 .text.HAL_InitTick
                0x00008b40       0xe0 CMakeFiles/anoki.dir/Core/Src/stm32u5xx_hal_timebase_tim.c.obj
                0x00008b40                HAL_InitTick
 .text._kill    0x00008c20       0x20 CMakeFiles/anoki.dir/Core/Src/syscalls.c.obj
                0x00008c20                _kill
 .text._exit    0x00008c40       0x16 CMakeFiles/anoki.dir/Core/Src/syscalls.c.obj
                0x00008c40                _exit
 *fill*         0x00008c56        0x2 
 .text.BSP_LED_Init
                0x00008c58      0x120 CMakeFiles/anoki.dir/Drivers/BSP/STM32U5xx_Nucleo/stm32u5xx_nucleo.c.obj
                0x00008c58                BSP_LED_Init
 .text.BSP_PB_Init
                0x00008d78       0xf0 CMakeFiles/anoki.dir/Drivers/BSP/STM32U5xx_Nucleo/stm32u5xx_nucleo.c.obj
                0x00008d78                BSP_PB_Init
 .text.BSP_PB_Callback
                0x00008e68       0x16 CMakeFiles/anoki.dir/Drivers/BSP/STM32U5xx_Nucleo/stm32u5xx_nucleo.c.obj
                0x00008e68                BSP_PB_Callback
 *fill*         0x00008e7e        0x2 
 .text.BSP_COM_Init
                0x00008e80       0x60 CMakeFiles/anoki.dir/Drivers/BSP/STM32U5xx_Nucleo/stm32u5xx_nucleo.c.obj
                0x00008e80                BSP_COM_Init
 .text.MX_USART1_Init
                0x00008ee0       0x68 CMakeFiles/anoki.dir/Drivers/BSP/STM32U5xx_Nucleo/stm32u5xx_nucleo.c.obj
                0x00008ee0                MX_USART1_Init
 .text.BUTTON_USER_EXTI_Callback
                0x00008f48        0xe CMakeFiles/anoki.dir/Drivers/BSP/STM32U5xx_Nucleo/stm32u5xx_nucleo.c.obj
 *fill*         0x00008f56        0x2 
 .text.COM1_MspInit
                0x00008f58       0xb0 CMakeFiles/anoki.dir/Drivers/BSP/STM32U5xx_Nucleo/stm32u5xx_nucleo.c.obj
 .text.HAL_Init
                0x00009008       0x60 CMakeFiles/anoki.dir/Drivers/STM32U5xx_HAL_Driver/Src/stm32u5xx_hal.c.obj
                0x00009008                HAL_Init
 .text.HAL_GetTick
                0x00009068       0x18 CMakeFiles/anoki.dir/Drivers/STM32U5xx_HAL_Driver/Src/stm32u5xx_hal.c.obj
                0x00009068                HAL_GetTick
 .text.HAL_Delay
                0x00009080       0x48 CMakeFiles/anoki.dir/Drivers/STM32U5xx_HAL_Driver/Src/stm32u5xx_hal.c.obj
                0x00009080                HAL_Delay
 .text.__NVIC_SetPriorityGrouping
                0x000090c8       0x48 CMakeFiles/anoki.dir/Drivers/STM32U5xx_HAL_Driver/Src/stm32u5xx_hal_cortex.c.obj
 .text.__NVIC_GetPriorityGrouping
                0x00009110       0x1c CMakeFiles/anoki.dir/Drivers/STM32U5xx_HAL_Driver/Src/stm32u5xx_hal_cortex.c.obj
 .text.__NVIC_EnableIRQ
                0x0000912c       0x3c CMakeFiles/anoki.dir/Drivers/STM32U5xx_HAL_Driver/Src/stm32u5xx_hal_cortex.c.obj
 .text.__NVIC_SetPriority
                0x00009168       0x54 CMakeFiles/anoki.dir/Drivers/STM32U5xx_HAL_Driver/Src/stm32u5xx_hal_cortex.c.obj
 .text.NVIC_EncodePriority
                0x000091bc       0x66 CMakeFiles/anoki.dir/Drivers/STM32U5xx_HAL_Driver/Src/stm32u5xx_hal_cortex.c.obj
 .text.HAL_NVIC_SetPriorityGrouping
                0x00009222       0x16 CMakeFiles/anoki.dir/Drivers/STM32U5xx_HAL_Driver/Src/stm32u5xx_hal_cortex.c.obj
                0x00009222                HAL_NVIC_SetPriorityGrouping
 .text.HAL_NVIC_SetPriority
                0x00009238       0x34 CMakeFiles/anoki.dir/Drivers/STM32U5xx_HAL_Driver/Src/stm32u5xx_hal_cortex.c.obj
                0x00009238                HAL_NVIC_SetPriority
 .text.HAL_NVIC_EnableIRQ
                0x0000926c       0x1c CMakeFiles/anoki.dir/Drivers/STM32U5xx_HAL_Driver/Src/stm32u5xx_hal_cortex.c.obj
                0x0000926c                HAL_NVIC_EnableIRQ
 .text.HAL_SYSTICK_CLKSourceConfig
                0x00009288       0xb0 CMakeFiles/anoki.dir/Drivers/STM32U5xx_HAL_Driver/Src/stm32u5xx_hal_cortex.c.obj
                0x00009288                HAL_SYSTICK_CLKSourceConfig
 .text.HAL_EXTI_RegisterCallback
                0x00009338       0x58 CMakeFiles/anoki.dir/Drivers/STM32U5xx_HAL_Driver/Src/stm32u5xx_hal_exti.c.obj
                0x00009338                HAL_EXTI_RegisterCallback
 .text.HAL_EXTI_GetHandle
                0x00009390       0x28 CMakeFiles/anoki.dir/Drivers/STM32U5xx_HAL_Driver/Src/stm32u5xx_hal_exti.c.obj
                0x00009390                HAL_EXTI_GetHandle
 .text.HAL_GPIO_Init
                0x000093b8      0x3c0 CMakeFiles/anoki.dir/Drivers/STM32U5xx_HAL_Driver/Src/stm32u5xx_hal_gpio.c.obj
                0x000093b8                HAL_GPIO_Init
 .text.HAL_GPIO_DeInit
                0x00009778      0x1bc CMakeFiles/anoki.dir/Drivers/STM32U5xx_HAL_Driver/Src/stm32u5xx_hal_gpio.c.obj
                0x00009778                HAL_GPIO_DeInit
 .text.HAL_GPIO_WritePin
                0x00009934       0x30 CMakeFiles/anoki.dir/Drivers/STM32U5xx_HAL_Driver/Src/stm32u5xx_hal_gpio.c.obj
                0x00009934                HAL_GPIO_WritePin
 .text.HAL_GPIO_TogglePin
                0x00009964       0x34 CMakeFiles/anoki.dir/Drivers/STM32U5xx_HAL_Driver/Src/stm32u5xx_hal_gpio.c.obj
                0x00009964                HAL_GPIO_TogglePin
 .text.HAL_ICACHE_ConfigAssociativityMode
                0x00009998       0x40 CMakeFiles/anoki.dir/Drivers/STM32U5xx_HAL_Driver/Src/stm32u5xx_hal_icache.c.obj
                0x00009998                HAL_ICACHE_ConfigAssociativityMode
 .text.HAL_ICACHE_Enable
                0x000099d8       0x20 CMakeFiles/anoki.dir/Drivers/STM32U5xx_HAL_Driver/Src/stm32u5xx_hal_icache.c.obj
                0x000099d8                HAL_ICACHE_Enable
 .text.HAL_PWREx_ControlVoltageScaling
                0x000099f8       0xfc CMakeFiles/anoki.dir/Drivers/STM32U5xx_HAL_Driver/Src/stm32u5xx_hal_pwr_ex.c.obj
                0x000099f8                HAL_PWREx_ControlVoltageScaling
 .text.HAL_PWREx_GetVoltageRange
                0x00009af4       0x1c CMakeFiles/anoki.dir/Drivers/STM32U5xx_HAL_Driver/Src/stm32u5xx_hal_pwr_ex.c.obj
                0x00009af4                HAL_PWREx_GetVoltageRange
 .text.HAL_PWREx_ConfigSupply
                0x00009b10       0xa0 CMakeFiles/anoki.dir/Drivers/STM32U5xx_HAL_Driver/Src/stm32u5xx_hal_pwr_ex.c.obj
                0x00009b10                HAL_PWREx_ConfigSupply
 .text.HAL_PWREx_EnableVddIO2
                0x00009bb0       0x20 CMakeFiles/anoki.dir/Drivers/STM32U5xx_HAL_Driver/Src/stm32u5xx_hal_pwr_ex.c.obj
                0x00009bb0                HAL_PWREx_EnableVddIO2
 .text.HAL_PWREx_DisableUCPDDeadBattery
                0x00009bd0       0x20 CMakeFiles/anoki.dir/Drivers/STM32U5xx_HAL_Driver/Src/stm32u5xx_hal_pwr_ex.c.obj
                0x00009bd0                HAL_PWREx_DisableUCPDDeadBattery
 .text.HAL_RCC_OscConfig
                0x00009bf0      0xdb8 CMakeFiles/anoki.dir/Drivers/STM32U5xx_HAL_Driver/Src/stm32u5xx_hal_rcc.c.obj
                0x00009bf0                HAL_RCC_OscConfig
 .text.HAL_RCC_ClockConfig
                0x0000a9a8      0x3e4 CMakeFiles/anoki.dir/Drivers/STM32U5xx_HAL_Driver/Src/stm32u5xx_hal_rcc.c.obj
                0x0000a9a8                HAL_RCC_ClockConfig
 .text.HAL_RCC_GetSysClockFreq
                0x0000ad8c      0x204 CMakeFiles/anoki.dir/Drivers/STM32U5xx_HAL_Driver/Src/stm32u5xx_hal_rcc.c.obj
                0x0000ad8c                HAL_RCC_GetSysClockFreq
 .text.HAL_RCC_GetHCLKFreq
                0x0000af90       0x34 CMakeFiles/anoki.dir/Drivers/STM32U5xx_HAL_Driver/Src/stm32u5xx_hal_rcc.c.obj
                0x0000af90                HAL_RCC_GetHCLKFreq
 .text.HAL_RCC_GetPCLK1Freq
                0x0000afc4       0x28 CMakeFiles/anoki.dir/Drivers/STM32U5xx_HAL_Driver/Src/stm32u5xx_hal_rcc.c.obj
                0x0000afc4                HAL_RCC_GetPCLK1Freq
 .text.HAL_RCC_GetPCLK2Freq
                0x0000afec       0x28 CMakeFiles/anoki.dir/Drivers/STM32U5xx_HAL_Driver/Src/stm32u5xx_hal_rcc.c.obj
                0x0000afec                HAL_RCC_GetPCLK2Freq
 .text.HAL_RCC_GetPCLK3Freq
                0x0000b014       0x28 CMakeFiles/anoki.dir/Drivers/STM32U5xx_HAL_Driver/Src/stm32u5xx_hal_rcc.c.obj
                0x0000b014                HAL_RCC_GetPCLK3Freq
 .text.HAL_RCC_GetClockConfig
                0x0000b03c       0x70 CMakeFiles/anoki.dir/Drivers/STM32U5xx_HAL_Driver/Src/stm32u5xx_hal_rcc.c.obj
                0x0000b03c                HAL_RCC_GetClockConfig
 .text.RCC_SetFlashLatencyFromMSIRange
                0x0000b0ac      0x10c CMakeFiles/anoki.dir/Drivers/STM32U5xx_HAL_Driver/Src/stm32u5xx_hal_rcc.c.obj
 .text.HAL_RCCEx_PeriphCLKConfig
                0x0000b1b8      0xb48 CMakeFiles/anoki.dir/Drivers/STM32U5xx_HAL_Driver/Src/stm32u5xx_hal_rcc_ex.c.obj
                0x0000b1b8                HAL_RCCEx_PeriphCLKConfig
 .text.HAL_RCCEx_GetPLL1ClockFreq
                0x0000bd00      0x2b4 CMakeFiles/anoki.dir/Drivers/STM32U5xx_HAL_Driver/Src/stm32u5xx_hal_rcc_ex.c.obj
                0x0000bd00                HAL_RCCEx_GetPLL1ClockFreq
 .text.HAL_RCCEx_GetPLL2ClockFreq
                0x0000bfb4      0x2b4 CMakeFiles/anoki.dir/Drivers/STM32U5xx_HAL_Driver/Src/stm32u5xx_hal_rcc_ex.c.obj
                0x0000bfb4                HAL_RCCEx_GetPLL2ClockFreq
 .text.HAL_RCCEx_GetPLL3ClockFreq
                0x0000c268      0x2b4 CMakeFiles/anoki.dir/Drivers/STM32U5xx_HAL_Driver/Src/stm32u5xx_hal_rcc_ex.c.obj
                0x0000c268                HAL_RCCEx_GetPLL3ClockFreq
 .text.HAL_RCCEx_GetPeriphCLKFreq
                0x0000c51c     0x136c CMakeFiles/anoki.dir/Drivers/STM32U5xx_HAL_Driver/Src/stm32u5xx_hal_rcc_ex.c.obj
                0x0000c51c                HAL_RCCEx_GetPeriphCLKFreq
 .text.RCCEx_PLL2_Config
                0x0000d888      0x130 CMakeFiles/anoki.dir/Drivers/STM32U5xx_HAL_Driver/Src/stm32u5xx_hal_rcc_ex.c.obj
 .text.RCCEx_PLL3_Config
                0x0000d9b8      0x130 CMakeFiles/anoki.dir/Drivers/STM32U5xx_HAL_Driver/Src/stm32u5xx_hal_rcc_ex.c.obj
 .text.HAL_SPI_Init
                0x0000dae8      0x22c CMakeFiles/anoki.dir/Drivers/STM32U5xx_HAL_Driver/Src/stm32u5xx_hal_spi.c.obj
                0x0000dae8                HAL_SPI_Init
 .text.HAL_SPI_DeInit
                0x0000dd14       0x52 CMakeFiles/anoki.dir/Drivers/STM32U5xx_HAL_Driver/Src/stm32u5xx_hal_spi.c.obj
                0x0000dd14                HAL_SPI_DeInit
 *fill*         0x0000dd66        0x2 
 .text.HAL_SPI_Transmit
                0x0000dd68      0x428 CMakeFiles/anoki.dir/Drivers/STM32U5xx_HAL_Driver/Src/stm32u5xx_hal_spi.c.obj
                0x0000dd68                HAL_SPI_Transmit
 .text.HAL_SPI_GetState
                0x0000e190       0x1c CMakeFiles/anoki.dir/Drivers/STM32U5xx_HAL_Driver/Src/stm32u5xx_hal_spi.c.obj
                0x0000e190                HAL_SPI_GetState
 .text.SPI_CloseTransfer
                0x0000e1ac      0x140 CMakeFiles/anoki.dir/Drivers/STM32U5xx_HAL_Driver/Src/stm32u5xx_hal_spi.c.obj
 .text.SPI_WaitOnFlagUntilTimeout
                0x0000e2ec       0x5c CMakeFiles/anoki.dir/Drivers/STM32U5xx_HAL_Driver/Src/stm32u5xx_hal_spi.c.obj
 .text.SPI_GetPacketSize
                0x0000e348       0x36 CMakeFiles/anoki.dir/Drivers/STM32U5xx_HAL_Driver/Src/stm32u5xx_hal_spi.c.obj
 .text.HAL_TIM_Base_Init
                0x0000e37e       0xae CMakeFiles/anoki.dir/Drivers/STM32U5xx_HAL_Driver/Src/stm32u5xx_hal_tim.c.obj
                0x0000e37e                HAL_TIM_Base_Init
 .text.HAL_TIM_Base_MspInit
                0x0000e42c       0x14 CMakeFiles/anoki.dir/Drivers/STM32U5xx_HAL_Driver/Src/stm32u5xx_hal_tim.c.obj
                0x0000e42c                HAL_TIM_Base_MspInit
 .text.HAL_TIM_Base_Start_IT
                0x0000e440      0x140 CMakeFiles/anoki.dir/Drivers/STM32U5xx_HAL_Driver/Src/stm32u5xx_hal_tim.c.obj
                0x0000e440                HAL_TIM_Base_Start_IT
 .text.TIM_Base_SetConfig
                0x0000e580      0x200 CMakeFiles/anoki.dir/Drivers/STM32U5xx_HAL_Driver/Src/stm32u5xx_hal_tim.c.obj
                0x0000e580                TIM_Base_SetConfig
 .text.HAL_UART_Init
                0x0000e780       0xa0 CMakeFiles/anoki.dir/Drivers/STM32U5xx_HAL_Driver/Src/stm32u5xx_hal_uart.c.obj
                0x0000e780                HAL_UART_Init
 .text.HAL_UART_MspInit
                0x0000e820       0x14 CMakeFiles/anoki.dir/Drivers/STM32U5xx_HAL_Driver/Src/stm32u5xx_hal_uart.c.obj
                0x0000e820                HAL_UART_MspInit
 .text.UART_SetConfig
                0x0000e834      0x344 CMakeFiles/anoki.dir/Drivers/STM32U5xx_HAL_Driver/Src/stm32u5xx_hal_uart.c.obj
                0x0000e834                UART_SetConfig
 .text.UART_AdvFeatureConfig
                0x0000eb78      0x144 CMakeFiles/anoki.dir/Drivers/STM32U5xx_HAL_Driver/Src/stm32u5xx_hal_uart.c.obj
                0x0000eb78                UART_AdvFeatureConfig
 .text.UART_CheckIdleState
                0x0000ecbc      0x154 CMakeFiles/anoki.dir/Drivers/STM32U5xx_HAL_Driver/Src/stm32u5xx_hal_uart.c.obj
                0x0000ecbc                UART_CheckIdleState
 .text.UART_WaitOnFlagUntilTimeout
                0x0000ee10       0xda CMakeFiles/anoki.dir/Drivers/STM32U5xx_HAL_Driver/Src/stm32u5xx_hal_uart.c.obj
                0x0000ee10                UART_WaitOnFlagUntilTimeout
 .text.UART_EndRxTransfer
                0x0000eeea       0xcc CMakeFiles/anoki.dir/Drivers/STM32U5xx_HAL_Driver/Src/stm32u5xx_hal_uart.c.obj
 *fill*         0x0000efb6        0x2 
 .text          0x0000efb8       0x30 /usr/lib/gcc/arm-none-eabi/13.2.1/thumb/v8-m.main+fp/hard/libgcc.a(_aeabi_uldivmod.o)
                0x0000efb8                __aeabi_uldivmod
 .text          0x0000efe8      0x300 /usr/lib/gcc/arm-none-eabi/13.2.1/thumb/v8-m.main+fp/hard/libgcc.a(_udivmoddi4.o)
                0x0000efe8                __udivmoddi4
 .text          0x0000f2e8        0x4 /usr/lib/gcc/arm-none-eabi/13.2.1/thumb/v8-m.main+fp/hard/libgcc.a(_dvmd_tls.o)
                0x0000f2e8                __aeabi_ldiv0
                0x0000f2e8                __aeabi_idiv0
 .text          0x0000f2ec       0xa4 /usr/lib/gcc/arm-none-eabi/13.2.1/../../../arm-none-eabi/lib/thumb/v8-m.main+fp/hard/libg.a(libc_a-memset.o)
                0x0000f2ec                memset
 .text          0x0000f390        0xc /usr/lib/gcc/arm-none-eabi/13.2.1/../../../arm-none-eabi/lib/thumb/v8-m.main+fp/hard/libg.a(libc_a-errno.o)
                0x0000f390                __errno
 .text          0x0000f39c       0x50 /usr/lib/gcc/arm-none-eabi/13.2.1/../../../arm-none-eabi/lib/thumb/v8-m.main+fp/hard/libg.a(libc_a-init.o)
                0x0000f39c                __libc_init_array
 .text          0x0000f3ec       0x1c /usr/lib/gcc/arm-none-eabi/13.2.1/../../../arm-none-eabi/lib/thumb/v8-m.main+fp/hard/libg.a(libc_a-exit.o)
                0x0000f3ec                exit
 .text          0x0000f408        0xc /usr/lib/gcc/arm-none-eabi/13.2.1/../../../arm-none-eabi/lib/thumb/v8-m.main+fp/hard/libg.a(libc_a-atexit.o)
                0x0000f408                atexit
 .text          0x0000f414       0x28 /usr/lib/gcc/arm-none-eabi/13.2.1/../../../arm-none-eabi/lib/thumb/v8-m.main+fp/hard/libg.a(libc_a-fini.o)
                0x0000f414                __libc_fini_array
 .text          0x0000f43c       0xac /usr/lib/gcc/arm-none-eabi/13.2.1/../../../arm-none-eabi/lib/thumb/v8-m.main+fp/hard/libg.a(libc_a-__call_atexit.o)
                0x0000f43c                __call_exitprocs
 .text          0x0000f4e8       0x64 /usr/lib/gcc/arm-none-eabi/13.2.1/../../../arm-none-eabi/lib/thumb/v8-m.main+fp/hard/libg.a(libc_a-__atexit.o)
                0x0000f4e8                __register_exitproc
 *(.gnu.warning)
 *(.glue_7t)
 .glue_7t       0x0000f54c        0x0 linker stubs
 *(.glue_7)
 .glue_7        0x0000f54c        0x0 linker stubs
 *(.vfp11_veneer)
 .vfp11_veneer  0x0000f54c        0x0 linker stubs
 *(.v4_bx)
 .v4_bx         0x0000f54c        0x0 linker stubs

.fini           0x0000f54c        0xc
 *(SORT_NONE(.fini))
 .fini          0x0000f54c        0x4 /usr/lib/gcc/arm-none-eabi/13.2.1/thumb/v8-m.main+fp/hard/crti.o
                0x0000f54c                _fini
 .fini          0x0000f550        0x8 /usr/lib/gcc/arm-none-eabi/13.2.1/thumb/v8-m.main+fp/hard/crtn.o
                [!provide]                        PROVIDE (__etext = .)
                [!provide]                        PROVIDE (_etext = .)
                [!provide]                        PROVIDE (etext = .)

.rodata         0x0000f558      0x114
 *(.rodata .rodata.* .gnu.linkonce.r.*)
 .rodata        0x0000f558       0x18 CMakeFiles/anoki.dir/App/Src/main.c.obj
 .rodata.AHBPrescTable
                0x0000f570       0x10 CMakeFiles/anoki.dir/Core/Src/system_stm32u5xx.c.obj
                0x0000f570                AHBPrescTable
 .rodata.APBPrescTable
                0x0000f580        0x8 CMakeFiles/anoki.dir/Core/Src/system_stm32u5xx.c.obj
                0x0000f580                APBPrescTable
 .rodata.MSIRangeTable
                0x0000f588       0x40 CMakeFiles/anoki.dir/Core/Src/system_stm32u5xx.c.obj
                0x0000f588                MSIRangeTable
 .rodata.LED_PIN
                0x0000f5c8        0x6 CMakeFiles/anoki.dir/Drivers/BSP/STM32U5xx_Nucleo/stm32u5xx_nucleo.c.obj
 *fill*         0x0000f5ce        0x2 
 .rodata.BUTTON_EXTI_LINE.2
                0x0000f5d0        0x4 CMakeFiles/anoki.dir/Drivers/BSP/STM32U5xx_Nucleo/stm32u5xx_nucleo.c.obj
 .rodata.LPGPIO_Map
                0x0000f5d4       0x80 CMakeFiles/anoki.dir/Drivers/STM32U5xx_HAL_Driver/Src/stm32u5xx_hal_gpio.c.obj
 .rodata.UARTPrescTable
                0x0000f654       0x18 CMakeFiles/anoki.dir/Drivers/STM32U5xx_HAL_Driver/Src/stm32u5xx_hal_uart.c.obj
                0x0000f654                UARTPrescTable

.rodata1
 *(.rodata1)

.ARM.extab
 *(.ARM.extab* .gnu.linkonce.armextab.*)

.ARM.exidx      0x0000f66c        0x8
                [!provide]                        PROVIDE (__exidx_start = .)
 *(.ARM.exidx* .gnu.linkonce.armexidx.*)
 .ARM.exidx     0x0000f66c        0x8 /usr/lib/gcc/arm-none-eabi/13.2.1/../../../arm-none-eabi/lib/thumb/v8-m.main+fp/hard/crt0.o
                                 0x10 (size before relaxing)
 .ARM.exidx     0x0000f674        0x0 /usr/lib/gcc/arm-none-eabi/13.2.1/thumb/v8-m.main+fp/hard/libgcc.a(_udivmoddi4.o)
                                  0x8 (size before relaxing)
                [!provide]                        PROVIDE (__exidx_end = .)

.eh_frame_hdr
 *(.eh_frame_hdr)
 *(.eh_frame_entry .eh_frame_entry.*)

.eh_frame       0x0000f674        0x4
 *(.eh_frame)
 .eh_frame      0x0000f674        0x0 /usr/lib/gcc/arm-none-eabi/13.2.1/thumb/v8-m.main+fp/hard/crtbegin.o
 .eh_frame      0x0000f674        0x4 /usr/lib/gcc/arm-none-eabi/13.2.1/thumb/v8-m.main+fp/hard/crtend.o
 *(.eh_frame.*)

.sframe
 *(.sframe)
 *(.sframe.*)

.gcc_except_table
 *(.gcc_except_table .gcc_except_table.*)

.gnu_extab
 *(.gnu_extab*)

.exception_ranges
 *(.exception_ranges*)
                0x00010678                        . = (ALIGN (CONSTANT (MAXPAGESIZE)) + (. & (CONSTANT (MAXPAGESIZE) - 0x1)))

.eh_frame
 *(.eh_frame)
 *(.eh_frame.*)

.sframe
 *(.sframe)
 *(.sframe.*)

.gnu_extab
 *(.gnu_extab)

.gcc_except_table
 *(.gcc_except_table .gcc_except_table.*)

.exception_ranges
 *(.exception_ranges*)

.tdata          0x00010678        0x0
                [!provide]                        PROVIDE (__tdata_start = .)
 *(.tdata .tdata.* .gnu.linkonce.td.*)

.tbss
 *(.tbss .tbss.* .gnu.linkonce.tb.*)
 *(.tcommon)

.preinit_array  0x00010678        0x0
                0x00010678                        PROVIDE (__preinit_array_start = .)
 *(.preinit_array)
                0x00010678                        PROVIDE (__preinit_array_end = .)

.init_array     0x00010678        0x8
                0x00010678                        PROVIDE (__init_array_start = .)
 *(SORT_BY_INIT_PRIORITY(.init_array.*) SORT_BY_INIT_PRIORITY(.ctors.*))
 .init_array.00000
                0x00010678        0x4 /usr/lib/gcc/arm-none-eabi/13.2.1/../../../arm-none-eabi/lib/thumb/v8-m.main+fp/hard/libg.a(libc_a-__call_atexit.o)
 *(.init_array EXCLUDE_FILE(*crtend?.o *crtend.o *crtbegin?.o *crtbegin.o) .ctors)
 .init_array    0x0001067c        0x4 /usr/lib/gcc/arm-none-eabi/13.2.1/thumb/v8-m.main+fp/hard/crtbegin.o
                0x00010680                        PROVIDE (__init_array_end = .)

.fini_array     0x00010680        0x4
                0x00010680                        PROVIDE (__fini_array_start = .)
 *(SORT_BY_INIT_PRIORITY(.fini_array.*) SORT_BY_INIT_PRIORITY(.dtors.*))
 *(.fini_array EXCLUDE_FILE(*crtend?.o *crtend.o *crtbegin?.o *crtbegin.o) .dtors)
 .fini_array    0x00010680        0x4 /usr/lib/gcc/arm-none-eabi/13.2.1/thumb/v8-m.main+fp/hard/crtbegin.o
                0x00010684                        PROVIDE (__fini_array_end = .)

.ctors
 *crtbegin.o(.ctors)
 *crtbegin?.o(.ctors)
 *(EXCLUDE_FILE(*crtend?.o *crtend.o) .ctors)
 *(SORT_BY_NAME(.ctors.*))
 *(.ctors)

.dtors
 *crtbegin.o(.dtors)
 *crtbegin?.o(.dtors)
 *(EXCLUDE_FILE(*crtend?.o *crtend.o) .dtors)
 *(SORT_BY_NAME(.dtors.*))
 *(.dtors)

.jcr
 *(.jcr)

.data.rel.ro
 *(.data.rel.ro.local* .gnu.linkonce.d.rel.ro.local.*)
 *(.data.rel.ro .data.rel.ro.* .gnu.linkonce.d.rel.ro.*)

.dynamic
 *(.dynamic)

.got            0x00010684        0x0
 *(.got.plt)
 *(.igot.plt)
 .igot.plt      0x00010684        0x0 /usr/lib/gcc/arm-none-eabi/13.2.1/thumb/v8-m.main+fp/hard/crtbegin.o
 *(.got)
 *(.igot)

.data           0x00010688      0x150
                0x00010688                        __data_start = .
 *(.data .data.* .gnu.linkonce.d.*)
 .data.SystemCoreClock
                0x00010688        0x4 CMakeFiles/anoki.dir/Core/Src/system_stm32u5xx.c.obj
                0x00010688                SystemCoreClock
 .data.COM_USART
                0x0001068c        0x4 CMakeFiles/anoki.dir/Drivers/BSP/STM32U5xx_Nucleo/stm32u5xx_nucleo.c.obj
                0x0001068c                COM_USART
 .data.LED_PORT
                0x00010690        0xc CMakeFiles/anoki.dir/Drivers/BSP/STM32U5xx_Nucleo/stm32u5xx_nucleo.c.obj
 .data.BUTTON_PORT
                0x0001069c        0x4 CMakeFiles/anoki.dir/Drivers/BSP/STM32U5xx_Nucleo/stm32u5xx_nucleo.c.obj
 .data.ButtonCallback.1
                0x000106a0        0x4 CMakeFiles/anoki.dir/Drivers/BSP/STM32U5xx_Nucleo/stm32u5xx_nucleo.c.obj
 .data.BSP_BUTTON_PRIO.0
                0x000106a4        0x4 CMakeFiles/anoki.dir/Drivers/BSP/STM32U5xx_Nucleo/stm32u5xx_nucleo.c.obj
 .data.uwTickPrio
                0x000106a8        0x4 CMakeFiles/anoki.dir/Drivers/STM32U5xx_HAL_Driver/Src/stm32u5xx_hal.c.obj
                0x000106a8                uwTickPrio
 .data.uwTickFreq
                0x000106ac        0x1 CMakeFiles/anoki.dir/Drivers/STM32U5xx_HAL_Driver/Src/stm32u5xx_hal.c.obj
                0x000106ac                uwTickFreq
 *fill*         0x000106ad        0x3 
 .data          0x000106b0      0x128 /usr/lib/gcc/arm-none-eabi/13.2.1/../../../arm-none-eabi/lib/thumb/v8-m.main+fp/hard/libg.a(libc_a-impure.o)
                0x000106b0                _impure_ptr
                0x000106b8                _impure_data

.tm_clone_table
                0x000107d8        0x0
 .tm_clone_table
                0x000107d8        0x0 /usr/lib/gcc/arm-none-eabi/13.2.1/thumb/v8-m.main+fp/hard/crtbegin.o
 .tm_clone_table
                0x000107d8        0x0 /usr/lib/gcc/arm-none-eabi/13.2.1/thumb/v8-m.main+fp/hard/crtend.o

.data1
 *(.data1)
                0x000107d8                        _edata = .
                [!provide]                        PROVIDE (edata = .)

.persistent     0x000107d8        0x0
                [!provide]                        PROVIDE (__persistent_start = .)
 *(.persistent .persistent.* .gnu.linkonce.p.*)
                0x000107d8                        . = ALIGN (0x4)
                [!provide]                        PROVIDE (__persistent_end = .)
                0x000107d8                        . = ALIGN (ALIGNOF (NEXT_SECTION))
                0x000107d8                        __bss_start = .
                0x000107d8                        __bss_start__ = .

.bss            0x000107d8      0x47c
 *(.dynbss)
 *(.bss .bss.* .gnu.linkonce.b.*)
 .bss           0x000107d8       0x1c /usr/lib/gcc/arm-none-eabi/13.2.1/thumb/v8-m.main+fp/hard/crtbegin.o
 .bss.BspCOMInit
                0x000107f4       0x10 CMakeFiles/anoki.dir/Core/Src/main.c.obj
                0x000107f4                BspCOMInit
 .bss.hspi1     0x00010804       0x90 CMakeFiles/anoki.dir/Core/Src/spi.c.obj
                0x00010804                hspi1
 .bss.htim17    0x00010894       0x4c CMakeFiles/anoki.dir/Core/Src/stm32u5xx_hal_timebase_tim.c.obj
                0x00010894                htim17
 .bss.hpb_exti  0x000108e0        0xc CMakeFiles/anoki.dir/Drivers/BSP/STM32U5xx_Nucleo/stm32u5xx_nucleo.c.obj
                0x000108e0                hpb_exti
 .bss.hcom_uart
                0x000108ec       0x94 CMakeFiles/anoki.dir/Drivers/BSP/STM32U5xx_Nucleo/stm32u5xx_nucleo.c.obj
                0x000108ec                hcom_uart
 .bss.uwTick    0x00010980        0x4 CMakeFiles/anoki.dir/Drivers/STM32U5xx_HAL_Driver/Src/stm32u5xx_hal.c.obj
                0x00010980                uwTick
 .bss           0x00010984      0x13c /usr/lib/gcc/arm-none-eabi/13.2.1/../../../arm-none-eabi/lib/thumb/v8-m.main+fp/hard/libg.a(libc_a-findfp.o)
                0x00010984                __sf
                0x00010abc                __stdio_exit_handler
 .bss           0x00010ac0        0x4 /usr/lib/gcc/arm-none-eabi/13.2.1/../../../arm-none-eabi/lib/thumb/v8-m.main+fp/hard/libg.a(libc_a-__call_atexit.o)
                0x00010ac0                __atexit
 .bss           0x00010ac4      0x190 /usr/lib/gcc/arm-none-eabi/13.2.1/../../../arm-none-eabi/lib/thumb/v8-m.main+fp/hard/libg.a(libc_a-__atexit.o)
                0x00010ac4                __atexit0
 *(COMMON)
                0x00010c54                        . = ALIGN ((. != 0x0)?0x4:0x1)
                0x00010c54                        _bss_end__ = .
                0x00010c54                        __bss_end__ = .

.noinit         0x00010c54        0x0
                [!provide]                        PROVIDE (__noinit_start = .)
 *(.noinit .noinit.* .gnu.linkonce.n.*)
                0x00010c54                        . = ALIGN (0x4)
                [!provide]                        PROVIDE (__noinit_end = .)
                0x00010c54                        . = ALIGN (0x4)
                0x00010c54                        . = SEGMENT_START ("ldata-segment", .)
                0x00010c54                        . = ALIGN (0x4)
                0x00010c54                        __end__ = .
                0x00010c54                        _end = .
                [!provide]                        PROVIDE (end = .)

.stack          0x00080000        0x0
                0x00080000                        _stack = .
 *(.stack)

.stab
 *(.stab)

.stabstr
 *(.stabstr)

.stab.excl
 *(.stab.excl)

.stab.exclstr
 *(.stab.exclstr)

.stab.index
 *(.stab.index)

.stab.indexstr
 *(.stab.indexstr)

.comment        0x00000000       0x26
 *(.comment)
 .comment       0x00000000       0x26 /usr/lib/gcc/arm-none-eabi/13.2.1/thumb/v8-m.main+fp/hard/crtbegin.o
                                 0x27 (size before relaxing)
 .comment       0x00000026       0x27 CMakeFiles/anoki.dir/App/Src/beamformer.c.obj
 .comment       0x00000026       0x27 CMakeFiles/anoki.dir/App/Src/bf_spi.c.obj
 .comment       0x00000026       0x27 CMakeFiles/anoki.dir/App/Src/main.c.obj
 .comment       0x00000026       0x27 CMakeFiles/anoki.dir/Core/Src/gpio.c.obj
 .comment       0x00000026       0x27 CMakeFiles/anoki.dir/Core/Src/icache.c.obj
 .comment       0x00000026       0x27 CMakeFiles/anoki.dir/Core/Src/main.c.obj
 .comment       0x00000026       0x27 CMakeFiles/anoki.dir/Core/Src/spi.c.obj
 .comment       0x00000026       0x27 CMakeFiles/anoki.dir/Core/Src/stm32u5xx_hal_msp.c.obj
 .comment       0x00000026       0x27 CMakeFiles/anoki.dir/Core/Src/stm32u5xx_hal_timebase_tim.c.obj
 .comment       0x00000026       0x27 CMakeFiles/anoki.dir/Core/Src/syscalls.c.obj
 .comment       0x00000026       0x27 CMakeFiles/anoki.dir/Core/Src/system_stm32u5xx.c.obj
 .comment       0x00000026       0x27 CMakeFiles/anoki.dir/Drivers/BSP/STM32U5xx_Nucleo/stm32u5xx_nucleo.c.obj
 .comment       0x00000026       0x27 CMakeFiles/anoki.dir/Drivers/STM32U5xx_HAL_Driver/Src/stm32u5xx_hal.c.obj
 .comment       0x00000026       0x27 CMakeFiles/anoki.dir/Drivers/STM32U5xx_HAL_Driver/Src/stm32u5xx_hal_cortex.c.obj
 .comment       0x00000026       0x27 CMakeFiles/anoki.dir/Drivers/STM32U5xx_HAL_Driver/Src/stm32u5xx_hal_exti.c.obj
 .comment       0x00000026       0x27 CMakeFiles/anoki.dir/Drivers/STM32U5xx_HAL_Driver/Src/stm32u5xx_hal_gpio.c.obj
 .comment       0x00000026       0x27 CMakeFiles/anoki.dir/Drivers/STM32U5xx_HAL_Driver/Src/stm32u5xx_hal_icache.c.obj
 .comment       0x00000026       0x27 CMakeFiles/anoki.dir/Drivers/STM32U5xx_HAL_Driver/Src/stm32u5xx_hal_pwr_ex.c.obj
 .comment       0x00000026       0x27 CMakeFiles/anoki.dir/Drivers/STM32U5xx_HAL_Driver/Src/stm32u5xx_hal_rcc.c.obj
 .comment       0x00000026       0x27 CMakeFiles/anoki.dir/Drivers/STM32U5xx_HAL_Driver/Src/stm32u5xx_hal_rcc_ex.c.obj
 .comment       0x00000026       0x27 CMakeFiles/anoki.dir/Drivers/STM32U5xx_HAL_Driver/Src/stm32u5xx_hal_spi.c.obj
 .comment       0x00000026       0x27 CMakeFiles/anoki.dir/Drivers/STM32U5xx_HAL_Driver/Src/stm32u5xx_hal_tim.c.obj
 .comment       0x00000026       0x27 CMakeFiles/anoki.dir/Drivers/STM32U5xx_HAL_Driver/Src/stm32u5xx_hal_uart.c.obj
 .comment       0x00000026       0x27 /usr/lib/gcc/arm-none-eabi/13.2.1/thumb/v8-m.main+fp/hard/libgcc.a(_udivmoddi4.o)
 .comment       0x00000026       0x27 /usr/lib/gcc/arm-none-eabi/13.2.1/../../../arm-none-eabi/lib/thumb/v8-m.main+fp/hard/libg.a(libc_a-memset.o)
 .comment       0x00000026       0x27 /usr/lib/gcc/arm-none-eabi/13.2.1/../../../arm-none-eabi/lib/thumb/v8-m.main+fp/hard/libg.a(libc_a-errno.o)
 .comment       0x00000026       0x27 /usr/lib/gcc/arm-none-eabi/13.2.1/../../../arm-none-eabi/lib/thumb/v8-m.main+fp/hard/libg.a(libc_a-impure.o)
 .comment       0x00000026       0x27 /usr/lib/gcc/arm-none-eabi/13.2.1/../../../arm-none-eabi/lib/thumb/v8-m.main+fp/hard/libg.a(libc_a-init.o)
 .comment       0x00000026       0x27 /usr/lib/gcc/arm-none-eabi/13.2.1/../../../arm-none-eabi/lib/thumb/v8-m.main+fp/hard/libg.a(libc_a-findfp.o)
 .comment       0x00000026       0x27 /usr/lib/gcc/arm-none-eabi/13.2.1/../../../arm-none-eabi/lib/thumb/v8-m.main+fp/hard/libg.a(libc_a-exit.o)
 .comment       0x00000026       0x27 /usr/lib/gcc/arm-none-eabi/13.2.1/../../../arm-none-eabi/lib/thumb/v8-m.main+fp/hard/libg.a(libc_a-atexit.o)
 .comment       0x00000026       0x27 /usr/lib/gcc/arm-none-eabi/13.2.1/../../../arm-none-eabi/lib/thumb/v8-m.main+fp/hard/libg.a(libc_a-fini.o)
 .comment       0x00000026       0x27 /usr/lib/gcc/arm-none-eabi/13.2.1/../../../arm-none-eabi/lib/thumb/v8-m.main+fp/hard/libg.a(libc_a-__call_atexit.o)
 .comment       0x00000026       0x27 /usr/lib/gcc/arm-none-eabi/13.2.1/../../../arm-none-eabi/lib/thumb/v8-m.main+fp/hard/libg.a(libc_a-__atexit.o)
 .comment       0x00000026       0x27 /usr/lib/gcc/arm-none-eabi/13.2.1/thumb/v8-m.main+fp/hard/crtend.o

.gnu.build.attributes
 *(.gnu.build.attributes .gnu.build.attributes.*)

.debug
 *(.debug)

.line
 *(.line)

.debug_srcinfo
 *(.debug_srcinfo)

.debug_sfnames
 *(.debug_sfnames)

.debug_aranges  0x00000000     0x1528
 *(.debug_aranges)
 .debug_aranges
                0x00000000       0x20 /usr/lib/gcc/arm-none-eabi/13.2.1/../../../arm-none-eabi/lib/thumb/v8-m.main+fp/hard/crt0.o
 .debug_aranges
                0x00000020       0x70 CMakeFiles/anoki.dir/App/Src/beamformer.c.obj
 .debug_aranges
                0x00000090       0x48 CMakeFiles/anoki.dir/App/Src/bf_spi.c.obj
 .debug_aranges
                0x000000d8       0x20 CMakeFiles/anoki.dir/App/Src/main.c.obj
 .debug_aranges
                0x000000f8       0x20 CMakeFiles/anoki.dir/Core/Src/gpio.c.obj
 .debug_aranges
                0x00000118       0x20 CMakeFiles/anoki.dir/Core/Src/icache.c.obj
 .debug_aranges
                0x00000138       0x40 CMakeFiles/anoki.dir/Core/Src/main.c.obj
 .debug_aranges
                0x00000178       0x30 CMakeFiles/anoki.dir/Core/Src/spi.c.obj
 .debug_aranges
                0x000001a8       0x20 CMakeFiles/anoki.dir/Core/Src/stm32u5xx_hal_msp.c.obj
 .debug_aranges
                0x000001c8       0x30 CMakeFiles/anoki.dir/Core/Src/stm32u5xx_hal_timebase_tim.c.obj
 .debug_aranges
                0x000001f8       0xa8 CMakeFiles/anoki.dir/Core/Src/syscalls.c.obj
 .debug_aranges
                0x000002a0       0x28 CMakeFiles/anoki.dir/Core/Src/system_stm32u5xx.c.obj
 .debug_aranges
                0x000002c8       0xc8 CMakeFiles/anoki.dir/Drivers/BSP/STM32U5xx_Nucleo/stm32u5xx_nucleo.c.obj
 .debug_aranges
                0x00000390      0x148 CMakeFiles/anoki.dir/Drivers/STM32U5xx_HAL_Driver/Src/stm32u5xx_hal.c.obj
 .debug_aranges
                0x000004d8      0x140 CMakeFiles/anoki.dir/Drivers/STM32U5xx_HAL_Driver/Src/stm32u5xx_hal_cortex.c.obj
 .debug_aranges
                0x00000618       0x70 CMakeFiles/anoki.dir/Drivers/STM32U5xx_HAL_Driver/Src/stm32u5xx_hal_exti.c.obj
 .debug_aranges
                0x00000688       0x78 CMakeFiles/anoki.dir/Drivers/STM32U5xx_HAL_Driver/Src/stm32u5xx_hal_gpio.c.obj
 .debug_aranges
                0x00000700       0xa8 CMakeFiles/anoki.dir/Drivers/STM32U5xx_HAL_Driver/Src/stm32u5xx_hal_icache.c.obj
 .debug_aranges
                0x000007a8      0x200 CMakeFiles/anoki.dir/Drivers/STM32U5xx_HAL_Driver/Src/stm32u5xx_hal_pwr_ex.c.obj
 .debug_aranges
                0x000009a8       0xa8 CMakeFiles/anoki.dir/Drivers/STM32U5xx_HAL_Driver/Src/stm32u5xx_hal_rcc.c.obj
 .debug_aranges
                0x00000a50      0x160 CMakeFiles/anoki.dir/Drivers/STM32U5xx_HAL_Driver/Src/stm32u5xx_hal_rcc_ex.c.obj
 .debug_aranges
                0x00000bb0      0x1a8 CMakeFiles/anoki.dir/Drivers/STM32U5xx_HAL_Driver/Src/stm32u5xx_hal_spi.c.obj
 .debug_aranges
                0x00000d58      0x3e8 CMakeFiles/anoki.dir/Drivers/STM32U5xx_HAL_Driver/Src/stm32u5xx_hal_tim.c.obj
 .debug_aranges
                0x00001140      0x248 CMakeFiles/anoki.dir/Drivers/STM32U5xx_HAL_Driver/Src/stm32u5xx_hal_uart.c.obj
 .debug_aranges
                0x00001388       0x20 /usr/lib/gcc/arm-none-eabi/13.2.1/thumb/v8-m.main+fp/hard/libgcc.a(_aeabi_uldivmod.o)
 .debug_aranges
                0x000013a8       0x20 /usr/lib/gcc/arm-none-eabi/13.2.1/thumb/v8-m.main+fp/hard/libgcc.a(_udivmoddi4.o)
 .debug_aranges
                0x000013c8       0x20 /usr/lib/gcc/arm-none-eabi/13.2.1/thumb/v8-m.main+fp/hard/libgcc.a(_dvmd_tls.o)
 .debug_aranges
                0x000013e8       0x20 /usr/lib/gcc/arm-none-eabi/13.2.1/../../../arm-none-eabi/lib/thumb/v8-m.main+fp/hard/libg.a(libc_a-memset.o)
 .debug_aranges
                0x00001408       0x20 /usr/lib/gcc/arm-none-eabi/13.2.1/../../../arm-none-eabi/lib/thumb/v8-m.main+fp/hard/libg.a(libc_a-errno.o)
 .debug_aranges
                0x00001428       0x18 /usr/lib/gcc/arm-none-eabi/13.2.1/../../../arm-none-eabi/lib/thumb/v8-m.main+fp/hard/libg.a(libc_a-impure.o)
 .debug_aranges
                0x00001440       0x20 /usr/lib/gcc/arm-none-eabi/13.2.1/../../../arm-none-eabi/lib/thumb/v8-m.main+fp/hard/libg.a(libc_a-init.o)
 .debug_aranges
                0x00001460       0x20 /usr/lib/gcc/arm-none-eabi/13.2.1/../../../arm-none-eabi/lib/thumb/v8-m.main+fp/hard/libg.a(libc_a-findfp.o)
 .debug_aranges
                0x00001480       0x20 /usr/lib/gcc/arm-none-eabi/13.2.1/../../../arm-none-eabi/lib/thumb/v8-m.main+fp/hard/libg.a(libc_a-exit.o)
 .debug_aranges
                0x000014a0       0x20 /usr/lib/gcc/arm-none-eabi/13.2.1/../../../arm-none-eabi/lib/thumb/v8-m.main+fp/hard/libg.a(libc_a-atexit.o)
 .debug_aranges
                0x000014c0       0x20 /usr/lib/gcc/arm-none-eabi/13.2.1/../../../arm-none-eabi/lib/thumb/v8-m.main+fp/hard/libg.a(libc_a-fini.o)
 .debug_aranges
                0x000014e0       0x28 /usr/lib/gcc/arm-none-eabi/13.2.1/../../../arm-none-eabi/lib/thumb/v8-m.main+fp/hard/libg.a(libc_a-__call_atexit.o)
 .debug_aranges
                0x00001508       0x20 /usr/lib/gcc/arm-none-eabi/13.2.1/../../../arm-none-eabi/lib/thumb/v8-m.main+fp/hard/libg.a(libc_a-__atexit.o)

.debug_pubnames
 *(.debug_pubnames)

.debug_info     0x00000000    0x1a238
 *(.debug_info .gnu.linkonce.wi.*)
 .debug_info    0x00000000       0x24 /usr/lib/gcc/arm-none-eabi/13.2.1/../../../arm-none-eabi/lib/thumb/v8-m.main+fp/hard/crt0.o
 .debug_info    0x00000024      0x6cd CMakeFiles/anoki.dir/App/Src/beamformer.c.obj
 .debug_info    0x000006f1      0xb7b CMakeFiles/anoki.dir/App/Src/bf_spi.c.obj
 .debug_info    0x0000126c      0x3d7 CMakeFiles/anoki.dir/App/Src/main.c.obj
 .debug_info    0x00001643      0x5bc CMakeFiles/anoki.dir/Core/Src/gpio.c.obj
 .debug_info    0x00001bff      0x104 CMakeFiles/anoki.dir/Core/Src/icache.c.obj
 .debug_info    0x00001d03      0xf45 CMakeFiles/anoki.dir/Core/Src/main.c.obj
 .debug_info    0x00002c48     0x11c8 CMakeFiles/anoki.dir/Core/Src/spi.c.obj
 .debug_info    0x00003e10      0x40f CMakeFiles/anoki.dir/Core/Src/stm32u5xx_hal_msp.c.obj
 .debug_info    0x0000421f     0x1161 CMakeFiles/anoki.dir/Core/Src/stm32u5xx_hal_timebase_tim.c.obj
 .debug_info    0x00005380      0x69f CMakeFiles/anoki.dir/Core/Src/syscalls.c.obj
 .debug_info    0x00005a1f      0x90d CMakeFiles/anoki.dir/Core/Src/system_stm32u5xx.c.obj
 .debug_info    0x0000632c     0x1ba9 CMakeFiles/anoki.dir/Drivers/BSP/STM32U5xx_Nucleo/stm32u5xx_nucleo.c.obj
 .debug_info    0x00007ed5     0x11d0 CMakeFiles/anoki.dir/Drivers/STM32U5xx_HAL_Driver/Src/stm32u5xx_hal.c.obj
 .debug_info    0x000090a5     0x1612 CMakeFiles/anoki.dir/Drivers/STM32U5xx_HAL_Driver/Src/stm32u5xx_hal_cortex.c.obj
 .debug_info    0x0000a6b7      0x726 CMakeFiles/anoki.dir/Drivers/STM32U5xx_HAL_Driver/Src/stm32u5xx_hal_exti.c.obj
 .debug_info    0x0000addd      0x831 CMakeFiles/anoki.dir/Drivers/STM32U5xx_HAL_Driver/Src/stm32u5xx_hal_gpio.c.obj
 .debug_info    0x0000b60e      0x4c6 CMakeFiles/anoki.dir/Drivers/STM32U5xx_HAL_Driver/Src/stm32u5xx_hal_icache.c.obj
 .debug_info    0x0000bad4      0xe22 CMakeFiles/anoki.dir/Drivers/STM32U5xx_HAL_Driver/Src/stm32u5xx_hal_pwr_ex.c.obj
 .debug_info    0x0000c8f6     0x11c8 CMakeFiles/anoki.dir/Drivers/STM32U5xx_HAL_Driver/Src/stm32u5xx_hal_rcc.c.obj
 .debug_info    0x0000dabe     0x1563 CMakeFiles/anoki.dir/Drivers/STM32U5xx_HAL_Driver/Src/stm32u5xx_hal_rcc_ex.c.obj
 .debug_info    0x0000f021     0x159f CMakeFiles/anoki.dir/Drivers/STM32U5xx_HAL_Driver/Src/stm32u5xx_hal_spi.c.obj
 .debug_info    0x000105c0     0x2e38 CMakeFiles/anoki.dir/Drivers/STM32U5xx_HAL_Driver/Src/stm32u5xx_hal_tim.c.obj
 .debug_info    0x000133f8     0x402b CMakeFiles/anoki.dir/Drivers/STM32U5xx_HAL_Driver/Src/stm32u5xx_hal_uart.c.obj
 .debug_info    0x00017423       0x24 /usr/lib/gcc/arm-none-eabi/13.2.1/thumb/v8-m.main+fp/hard/libgcc.a(_aeabi_uldivmod.o)
 .debug_info    0x00017447      0x6f5 /usr/lib/gcc/arm-none-eabi/13.2.1/thumb/v8-m.main+fp/hard/libgcc.a(_udivmoddi4.o)
 .debug_info    0x00017b3c       0x3c /usr/lib/gcc/arm-none-eabi/13.2.1/thumb/v8-m.main+fp/hard/libgcc.a(_dvmd_tls.o)
 .debug_info    0x00017b78      0x135 /usr/lib/gcc/arm-none-eabi/13.2.1/../../../arm-none-eabi/lib/thumb/v8-m.main+fp/hard/libg.a(libc_a-memset.o)
 .debug_info    0x00017cad      0x70f /usr/lib/gcc/arm-none-eabi/13.2.1/../../../arm-none-eabi/lib/thumb/v8-m.main+fp/hard/libg.a(libc_a-errno.o)
 .debug_info    0x000183bc      0x729 /usr/lib/gcc/arm-none-eabi/13.2.1/../../../arm-none-eabi/lib/thumb/v8-m.main+fp/hard/libg.a(libc_a-impure.o)
 .debug_info    0x00018ae5      0x10b /usr/lib/gcc/arm-none-eabi/13.2.1/../../../arm-none-eabi/lib/thumb/v8-m.main+fp/hard/libg.a(libc_a-init.o)
 .debug_info    0x00018bf0      0xea8 /usr/lib/gcc/arm-none-eabi/13.2.1/../../../arm-none-eabi/lib/thumb/v8-m.main+fp/hard/libg.a(libc_a-findfp.o)
 .debug_info    0x00019a98      0x10a /usr/lib/gcc/arm-none-eabi/13.2.1/../../../arm-none-eabi/lib/thumb/v8-m.main+fp/hard/libg.a(libc_a-exit.o)
 .debug_info    0x00019ba2      0x11e /usr/lib/gcc/arm-none-eabi/13.2.1/../../../arm-none-eabi/lib/thumb/v8-m.main+fp/hard/libg.a(libc_a-atexit.o)
 .debug_info    0x00019cc0       0xf7 /usr/lib/gcc/arm-none-eabi/13.2.1/../../../arm-none-eabi/lib/thumb/v8-m.main+fp/hard/libg.a(libc_a-fini.o)
 .debug_info    0x00019db7      0x284 /usr/lib/gcc/arm-none-eabi/13.2.1/../../../arm-none-eabi/lib/thumb/v8-m.main+fp/hard/libg.a(libc_a-__call_atexit.o)
 .debug_info    0x0001a03b      0x1fd /usr/lib/gcc/arm-none-eabi/13.2.1/../../../arm-none-eabi/lib/thumb/v8-m.main+fp/hard/libg.a(libc_a-__atexit.o)

.debug_abbrev   0x00000000     0x410d
 *(.debug_abbrev)
 .debug_abbrev  0x00000000       0x14 /usr/lib/gcc/arm-none-eabi/13.2.1/../../../arm-none-eabi/lib/thumb/v8-m.main+fp/hard/crt0.o
 .debug_abbrev  0x00000014      0x218 CMakeFiles/anoki.dir/App/Src/beamformer.c.obj
 .debug_abbrev  0x0000022c      0x1ed CMakeFiles/anoki.dir/App/Src/bf_spi.c.obj
 .debug_abbrev  0x00000419      0x15d CMakeFiles/anoki.dir/App/Src/main.c.obj
 .debug_abbrev  0x00000576      0x177 CMakeFiles/anoki.dir/Core/Src/gpio.c.obj
 .debug_abbrev  0x000006ed       0xb4 CMakeFiles/anoki.dir/Core/Src/icache.c.obj
 .debug_abbrev  0x000007a1      0x2a5 CMakeFiles/anoki.dir/Core/Src/main.c.obj
 .debug_abbrev  0x00000a46      0x217 CMakeFiles/anoki.dir/Core/Src/spi.c.obj
 .debug_abbrev  0x00000c5d       0xf8 CMakeFiles/anoki.dir/Core/Src/stm32u5xx_hal_msp.c.obj
 .debug_abbrev  0x00000d55      0x228 CMakeFiles/anoki.dir/Core/Src/stm32u5xx_hal_timebase_tim.c.obj
 .debug_abbrev  0x00000f7d      0x1b4 CMakeFiles/anoki.dir/Core/Src/syscalls.c.obj
 .debug_abbrev  0x00001131      0x127 CMakeFiles/anoki.dir/Core/Src/system_stm32u5xx.c.obj
 .debug_abbrev  0x00001258      0x341 CMakeFiles/anoki.dir/Drivers/BSP/STM32U5xx_Nucleo/stm32u5xx_nucleo.c.obj
 .debug_abbrev  0x00001599      0x2a3 CMakeFiles/anoki.dir/Drivers/STM32U5xx_HAL_Driver/Src/stm32u5xx_hal.c.obj
 .debug_abbrev  0x0000183c      0x30f CMakeFiles/anoki.dir/Drivers/STM32U5xx_HAL_Driver/Src/stm32u5xx_hal_cortex.c.obj
 .debug_abbrev  0x00001b4b      0x196 CMakeFiles/anoki.dir/Drivers/STM32U5xx_HAL_Driver/Src/stm32u5xx_hal_exti.c.obj
 .debug_abbrev  0x00001ce1      0x258 CMakeFiles/anoki.dir/Drivers/STM32U5xx_HAL_Driver/Src/stm32u5xx_hal_gpio.c.obj
 .debug_abbrev  0x00001f39      0x226 CMakeFiles/anoki.dir/Drivers/STM32U5xx_HAL_Driver/Src/stm32u5xx_hal_icache.c.obj
 .debug_abbrev  0x0000215f      0x213 CMakeFiles/anoki.dir/Drivers/STM32U5xx_HAL_Driver/Src/stm32u5xx_hal_pwr_ex.c.obj
 .debug_abbrev  0x00002372      0x2c9 CMakeFiles/anoki.dir/Drivers/STM32U5xx_HAL_Driver/Src/stm32u5xx_hal_rcc.c.obj
 .debug_abbrev  0x0000263b      0x23b CMakeFiles/anoki.dir/Drivers/STM32U5xx_HAL_Driver/Src/stm32u5xx_hal_rcc_ex.c.obj
 .debug_abbrev  0x00002876      0x2ba CMakeFiles/anoki.dir/Drivers/STM32U5xx_HAL_Driver/Src/stm32u5xx_hal_spi.c.obj
 .debug_abbrev  0x00002b30      0x2bb CMakeFiles/anoki.dir/Drivers/STM32U5xx_HAL_Driver/Src/stm32u5xx_hal_tim.c.obj
 .debug_abbrev  0x00002deb      0x303 CMakeFiles/anoki.dir/Drivers/STM32U5xx_HAL_Driver/Src/stm32u5xx_hal_uart.c.obj
 .debug_abbrev  0x000030ee       0x14 /usr/lib/gcc/arm-none-eabi/13.2.1/thumb/v8-m.main+fp/hard/libgcc.a(_aeabi_uldivmod.o)
 .debug_abbrev  0x00003102      0x16a /usr/lib/gcc/arm-none-eabi/13.2.1/thumb/v8-m.main+fp/hard/libgcc.a(_udivmoddi4.o)
 .debug_abbrev  0x0000326c       0x26 /usr/lib/gcc/arm-none-eabi/13.2.1/thumb/v8-m.main+fp/hard/libgcc.a(_dvmd_tls.o)
 .debug_abbrev  0x00003292       0xb7 /usr/lib/gcc/arm-none-eabi/13.2.1/../../../arm-none-eabi/lib/thumb/v8-m.main+fp/hard/libg.a(libc_a-memset.o)
 .debug_abbrev  0x00003349      0x19a /usr/lib/gcc/arm-none-eabi/13.2.1/../../../arm-none-eabi/lib/thumb/v8-m.main+fp/hard/libg.a(libc_a-errno.o)
 .debug_abbrev  0x000034e3      0x185 /usr/lib/gcc/arm-none-eabi/13.2.1/../../../arm-none-eabi/lib/thumb/v8-m.main+fp/hard/libg.a(libc_a-impure.o)
 .debug_abbrev  0x00003668       0xc9 /usr/lib/gcc/arm-none-eabi/13.2.1/../../../arm-none-eabi/lib/thumb/v8-m.main+fp/hard/libg.a(libc_a-init.o)
 .debug_abbrev  0x00003731      0x446 /usr/lib/gcc/arm-none-eabi/13.2.1/../../../arm-none-eabi/lib/thumb/v8-m.main+fp/hard/libg.a(libc_a-findfp.o)
 .debug_abbrev  0x00003b77       0xd5 /usr/lib/gcc/arm-none-eabi/13.2.1/../../../arm-none-eabi/lib/thumb/v8-m.main+fp/hard/libg.a(libc_a-exit.o)
 .debug_abbrev  0x00003c4c       0xc1 /usr/lib/gcc/arm-none-eabi/13.2.1/../../../arm-none-eabi/lib/thumb/v8-m.main+fp/hard/libg.a(libc_a-atexit.o)
 .debug_abbrev  0x00003d0d       0xcc /usr/lib/gcc/arm-none-eabi/13.2.1/../../../arm-none-eabi/lib/thumb/v8-m.main+fp/hard/libg.a(libc_a-fini.o)
 .debug_abbrev  0x00003dd9      0x1dd /usr/lib/gcc/arm-none-eabi/13.2.1/../../../arm-none-eabi/lib/thumb/v8-m.main+fp/hard/libg.a(libc_a-__call_atexit.o)
 .debug_abbrev  0x00003fb6      0x157 /usr/lib/gcc/arm-none-eabi/13.2.1/../../../arm-none-eabi/lib/thumb/v8-m.main+fp/hard/libg.a(libc_a-__atexit.o)

.debug_line     0x00000000    0x11cc6
 *(.debug_line .debug_line.* .debug_line_end)
 .debug_line    0x00000000       0x75 /usr/lib/gcc/arm-none-eabi/13.2.1/../../../arm-none-eabi/lib/thumb/v8-m.main+fp/hard/crt0.o
 .debug_line    0x00000075      0x48b CMakeFiles/anoki.dir/App/Src/beamformer.c.obj
 .debug_line    0x00000500      0x2e1 CMakeFiles/anoki.dir/App/Src/bf_spi.c.obj
 .debug_line    0x000007e1      0x171 CMakeFiles/anoki.dir/App/Src/main.c.obj
 .debug_line    0x00000952      0x140 CMakeFiles/anoki.dir/Core/Src/gpio.c.obj
 .debug_line    0x00000a92      0x139 CMakeFiles/anoki.dir/Core/Src/icache.c.obj
 .debug_line    0x00000bcb      0x37a CMakeFiles/anoki.dir/Core/Src/main.c.obj
 .debug_line    0x00000f45      0x289 CMakeFiles/anoki.dir/Core/Src/spi.c.obj
 .debug_line    0x000011ce      0x13d CMakeFiles/anoki.dir/Core/Src/stm32u5xx_hal_msp.c.obj
 .debug_line    0x0000130b      0x239 CMakeFiles/anoki.dir/Core/Src/stm32u5xx_hal_timebase_tim.c.obj
 .debug_line    0x00001544      0x30f CMakeFiles/anoki.dir/Core/Src/syscalls.c.obj
 .debug_line    0x00001853      0x267 CMakeFiles/anoki.dir/Core/Src/system_stm32u5xx.c.obj
 .debug_line    0x00001aba      0x5e9 CMakeFiles/anoki.dir/Drivers/BSP/STM32U5xx_Nucleo/stm32u5xx_nucleo.c.obj
 .debug_line    0x000020a3      0x680 CMakeFiles/anoki.dir/Drivers/STM32U5xx_HAL_Driver/Src/stm32u5xx_hal.c.obj
 .debug_line    0x00002723      0x7e2 CMakeFiles/anoki.dir/Drivers/STM32U5xx_HAL_Driver/Src/stm32u5xx_hal_cortex.c.obj
 .debug_line    0x00002f05      0x5a4 CMakeFiles/anoki.dir/Drivers/STM32U5xx_HAL_Driver/Src/stm32u5xx_hal_exti.c.obj
 .debug_line    0x000034a9      0x762 CMakeFiles/anoki.dir/Drivers/STM32U5xx_HAL_Driver/Src/stm32u5xx_hal_gpio.c.obj
 .debug_line    0x00003c0b      0x467 CMakeFiles/anoki.dir/Drivers/STM32U5xx_HAL_Driver/Src/stm32u5xx_hal_icache.c.obj
 .debug_line    0x00004072      0xb42 CMakeFiles/anoki.dir/Drivers/STM32U5xx_HAL_Driver/Src/stm32u5xx_hal_pwr_ex.c.obj
 .debug_line    0x00004bb4     0x1073 CMakeFiles/anoki.dir/Drivers/STM32U5xx_HAL_Driver/Src/stm32u5xx_hal_rcc.c.obj
 .debug_line    0x00005c27     0x1c9d CMakeFiles/anoki.dir/Drivers/STM32U5xx_HAL_Driver/Src/stm32u5xx_hal_rcc_ex.c.obj
 .debug_line    0x000078c4     0x1edd CMakeFiles/anoki.dir/Drivers/STM32U5xx_HAL_Driver/Src/stm32u5xx_hal_spi.c.obj
 .debug_line    0x000097a1     0x400c CMakeFiles/anoki.dir/Drivers/STM32U5xx_HAL_Driver/Src/stm32u5xx_hal_tim.c.obj
 .debug_line    0x0000d7ad     0x2e9a CMakeFiles/anoki.dir/Drivers/STM32U5xx_HAL_Driver/Src/stm32u5xx_hal_uart.c.obj
 .debug_line    0x00010647       0x4e /usr/lib/gcc/arm-none-eabi/13.2.1/thumb/v8-m.main+fp/hard/libgcc.a(_aeabi_uldivmod.o)
 .debug_line    0x00010695      0x55e /usr/lib/gcc/arm-none-eabi/13.2.1/thumb/v8-m.main+fp/hard/libgcc.a(_udivmoddi4.o)
 .debug_line    0x00010bf3       0x4a /usr/lib/gcc/arm-none-eabi/13.2.1/thumb/v8-m.main+fp/hard/libgcc.a(_dvmd_tls.o)
 .debug_line    0x00010c3d      0x1b6 /usr/lib/gcc/arm-none-eabi/13.2.1/../../../arm-none-eabi/lib/thumb/v8-m.main+fp/hard/libg.a(libc_a-memset.o)
 .debug_line    0x00010df3      0x10c /usr/lib/gcc/arm-none-eabi/13.2.1/../../../arm-none-eabi/lib/thumb/v8-m.main+fp/hard/libg.a(libc_a-errno.o)
 .debug_line    0x00010eff       0xe7 /usr/lib/gcc/arm-none-eabi/13.2.1/../../../arm-none-eabi/lib/thumb/v8-m.main+fp/hard/libg.a(libc_a-impure.o)
 .debug_line    0x00010fe6      0x129 /usr/lib/gcc/arm-none-eabi/13.2.1/../../../arm-none-eabi/lib/thumb/v8-m.main+fp/hard/libg.a(libc_a-init.o)
 .debug_line    0x0001110f      0x516 /usr/lib/gcc/arm-none-eabi/13.2.1/../../../arm-none-eabi/lib/thumb/v8-m.main+fp/hard/libg.a(libc_a-findfp.o)
 .debug_line    0x00011625      0x139 /usr/lib/gcc/arm-none-eabi/13.2.1/../../../arm-none-eabi/lib/thumb/v8-m.main+fp/hard/libg.a(libc_a-exit.o)
 .debug_line    0x0001175e       0xc3 /usr/lib/gcc/arm-none-eabi/13.2.1/../../../arm-none-eabi/lib/thumb/v8-m.main+fp/hard/libg.a(libc_a-atexit.o)
 .debug_line    0x00011821       0xd2 /usr/lib/gcc/arm-none-eabi/13.2.1/../../../arm-none-eabi/lib/thumb/v8-m.main+fp/hard/libg.a(libc_a-fini.o)
 .debug_line    0x000118f3      0x27f /usr/lib/gcc/arm-none-eabi/13.2.1/../../../arm-none-eabi/lib/thumb/v8-m.main+fp/hard/libg.a(libc_a-__call_atexit.o)
 .debug_line    0x00011b72      0x154 /usr/lib/gcc/arm-none-eabi/13.2.1/../../../arm-none-eabi/lib/thumb/v8-m.main+fp/hard/libg.a(libc_a-__atexit.o)

.debug_frame    0x00000000     0x5430
 *(.debug_frame)
 .debug_frame   0x00000000      0x1f4 CMakeFiles/anoki.dir/App/Src/beamformer.c.obj
 .debug_frame   0x000001f4       0xec CMakeFiles/anoki.dir/App/Src/bf_spi.c.obj
 .debug_frame   0x000002e0       0x38 CMakeFiles/anoki.dir/App/Src/main.c.obj
 .debug_frame   0x00000318       0x34 CMakeFiles/anoki.dir/Core/Src/gpio.c.obj
 .debug_frame   0x0000034c       0x2c CMakeFiles/anoki.dir/Core/Src/icache.c.obj
 .debug_frame   0x00000378       0xac CMakeFiles/anoki.dir/Core/Src/main.c.obj
 .debug_frame   0x00000424       0x78 CMakeFiles/anoki.dir/Core/Src/spi.c.obj
 .debug_frame   0x0000049c       0x34 CMakeFiles/anoki.dir/Core/Src/stm32u5xx_hal_msp.c.obj
 .debug_frame   0x000004d0       0x74 CMakeFiles/anoki.dir/Core/Src/stm32u5xx_hal_timebase_tim.c.obj
 .debug_frame   0x00000544      0x2ac CMakeFiles/anoki.dir/Core/Src/syscalls.c.obj
 .debug_frame   0x000007f0       0x58 CMakeFiles/anoki.dir/Core/Src/system_stm32u5xx.c.obj
 .debug_frame   0x00000848      0x31c CMakeFiles/anoki.dir/Drivers/BSP/STM32U5xx_Nucleo/stm32u5xx_nucleo.c.obj
 .debug_frame   0x00000b64      0x500 CMakeFiles/anoki.dir/Drivers/STM32U5xx_HAL_Driver/Src/stm32u5xx_hal.c.obj
 .debug_frame   0x00001064      0x560 CMakeFiles/anoki.dir/Drivers/STM32U5xx_HAL_Driver/Src/stm32u5xx_hal_cortex.c.obj
 .debug_frame   0x000015c4      0x1c4 CMakeFiles/anoki.dir/Drivers/STM32U5xx_HAL_Driver/Src/stm32u5xx_hal_exti.c.obj
 .debug_frame   0x00001788      0x1ec CMakeFiles/anoki.dir/Drivers/STM32U5xx_HAL_Driver/Src/stm32u5xx_hal_gpio.c.obj
 .debug_frame   0x00001974      0x298 CMakeFiles/anoki.dir/Drivers/STM32U5xx_HAL_Driver/Src/stm32u5xx_hal_icache.c.obj
 .debug_frame   0x00001c0c      0x84c CMakeFiles/anoki.dir/Drivers/STM32U5xx_HAL_Driver/Src/stm32u5xx_hal_pwr_ex.c.obj
 .debug_frame   0x00002458      0x288 CMakeFiles/anoki.dir/Drivers/STM32U5xx_HAL_Driver/Src/stm32u5xx_hal_rcc.c.obj
 .debug_frame   0x000026e0      0x5f0 CMakeFiles/anoki.dir/Drivers/STM32U5xx_HAL_Driver/Src/stm32u5xx_hal_rcc_ex.c.obj
 .debug_frame   0x00002cd0      0x7ac CMakeFiles/anoki.dir/Drivers/STM32U5xx_HAL_Driver/Src/stm32u5xx_hal_spi.c.obj
 .debug_frame   0x0000347c     0x125c CMakeFiles/anoki.dir/Drivers/STM32U5xx_HAL_Driver/Src/stm32u5xx_hal_tim.c.obj
 .debug_frame   0x000046d8      0xa84 CMakeFiles/anoki.dir/Drivers/STM32U5xx_HAL_Driver/Src/stm32u5xx_hal_uart.c.obj
 .debug_frame   0x0000515c       0x2c /usr/lib/gcc/arm-none-eabi/13.2.1/thumb/v8-m.main+fp/hard/libgcc.a(_aeabi_uldivmod.o)
 .debug_frame   0x00005188       0x38 /usr/lib/gcc/arm-none-eabi/13.2.1/thumb/v8-m.main+fp/hard/libgcc.a(_udivmoddi4.o)
 .debug_frame   0x000051c0       0x2c /usr/lib/gcc/arm-none-eabi/13.2.1/../../../arm-none-eabi/lib/thumb/v8-m.main+fp/hard/libg.a(libc_a-memset.o)
 .debug_frame   0x000051ec       0x20 /usr/lib/gcc/arm-none-eabi/13.2.1/../../../arm-none-eabi/lib/thumb/v8-m.main+fp/hard/libg.a(libc_a-errno.o)
 .debug_frame   0x0000520c       0x2c /usr/lib/gcc/arm-none-eabi/13.2.1/../../../arm-none-eabi/lib/thumb/v8-m.main+fp/hard/libg.a(libc_a-init.o)
 .debug_frame   0x00005238       0xf4 /usr/lib/gcc/arm-none-eabi/13.2.1/../../../arm-none-eabi/lib/thumb/v8-m.main+fp/hard/libg.a(libc_a-findfp.o)
 .debug_frame   0x0000532c       0x28 /usr/lib/gcc/arm-none-eabi/13.2.1/../../../arm-none-eabi/lib/thumb/v8-m.main+fp/hard/libg.a(libc_a-exit.o)
 .debug_frame   0x00005354       0x20 /usr/lib/gcc/arm-none-eabi/13.2.1/../../../arm-none-eabi/lib/thumb/v8-m.main+fp/hard/libg.a(libc_a-atexit.o)
 .debug_frame   0x00005374       0x34 /usr/lib/gcc/arm-none-eabi/13.2.1/../../../arm-none-eabi/lib/thumb/v8-m.main+fp/hard/libg.a(libc_a-fini.o)
 .debug_frame   0x000053a8       0x54 /usr/lib/gcc/arm-none-eabi/13.2.1/../../../arm-none-eabi/lib/thumb/v8-m.main+fp/hard/libg.a(libc_a-__call_atexit.o)
 .debug_frame   0x000053fc       0x34 /usr/lib/gcc/arm-none-eabi/13.2.1/../../../arm-none-eabi/lib/thumb/v8-m.main+fp/hard/libg.a(libc_a-__atexit.o)

.debug_str      0x00000000     0x7d6e
 *(.debug_str)
 .debug_str     0x00000000     0x7d6e /usr/lib/gcc/arm-none-eabi/13.2.1/../../../arm-none-eabi/lib/thumb/v8-m.main+fp/hard/crt0.o
                                 0x92 (size before relaxing)
 .debug_str     0x00007d6e      0x430 CMakeFiles/anoki.dir/App/Src/beamformer.c.obj
 .debug_str     0x00007d6e      0x9c2 CMakeFiles/anoki.dir/App/Src/bf_spi.c.obj
 .debug_str     0x00007d6e      0x498 CMakeFiles/anoki.dir/App/Src/main.c.obj
 .debug_str     0x00007d6e      0x49d CMakeFiles/anoki.dir/Core/Src/gpio.c.obj
 .debug_str     0x00007d6e      0x21a CMakeFiles/anoki.dir/Core/Src/icache.c.obj
 .debug_str     0x00007d6e      0xe18 CMakeFiles/anoki.dir/Core/Src/main.c.obj
 .debug_str     0x00007d6e      0xea2 CMakeFiles/anoki.dir/Core/Src/spi.c.obj
 .debug_str     0x00007d6e      0x400 CMakeFiles/anoki.dir/Core/Src/stm32u5xx_hal_msp.c.obj
 .debug_str     0x00007d6e     0x1332 CMakeFiles/anoki.dir/Core/Src/stm32u5xx_hal_timebase_tim.c.obj
 .debug_str     0x00007d6e      0x3e1 CMakeFiles/anoki.dir/Core/Src/syscalls.c.obj
 .debug_str     0x00007d6e      0x569 CMakeFiles/anoki.dir/Core/Src/system_stm32u5xx.c.obj
 .debug_str     0x00007d6e     0x1780 CMakeFiles/anoki.dir/Drivers/BSP/STM32U5xx_Nucleo/stm32u5xx_nucleo.c.obj
 .debug_str     0x00007d6e     0x12a0 CMakeFiles/anoki.dir/Drivers/STM32U5xx_HAL_Driver/Src/stm32u5xx_hal.c.obj
 .debug_str     0x00007d6e     0x11c1 CMakeFiles/anoki.dir/Drivers/STM32U5xx_HAL_Driver/Src/stm32u5xx_hal_cortex.c.obj
 .debug_str     0x00007d6e      0x4a3 CMakeFiles/anoki.dir/Drivers/STM32U5xx_HAL_Driver/Src/stm32u5xx_hal_exti.c.obj
 .debug_str     0x00007d6e      0x4d3 CMakeFiles/anoki.dir/Drivers/STM32U5xx_HAL_Driver/Src/stm32u5xx_hal_gpio.c.obj
 .debug_str     0x00007d6e      0x4c7 CMakeFiles/anoki.dir/Drivers/STM32U5xx_HAL_Driver/Src/stm32u5xx_hal_icache.c.obj
 .debug_str     0x00007d6e      0xc2a CMakeFiles/anoki.dir/Drivers/STM32U5xx_HAL_Driver/Src/stm32u5xx_hal_pwr_ex.c.obj
 .debug_str     0x00007d6e      0xbfa CMakeFiles/anoki.dir/Drivers/STM32U5xx_HAL_Driver/Src/stm32u5xx_hal_rcc.c.obj
 .debug_str     0x00007d6e     0x113e CMakeFiles/anoki.dir/Drivers/STM32U5xx_HAL_Driver/Src/stm32u5xx_hal_rcc_ex.c.obj
 .debug_str     0x00007d6e      0xe55 CMakeFiles/anoki.dir/Drivers/STM32U5xx_HAL_Driver/Src/stm32u5xx_hal_spi.c.obj
 .debug_str     0x00007d6e     0x19a8 CMakeFiles/anoki.dir/Drivers/STM32U5xx_HAL_Driver/Src/stm32u5xx_hal_tim.c.obj
 .debug_str     0x00007d6e     0x10ce CMakeFiles/anoki.dir/Drivers/STM32U5xx_HAL_Driver/Src/stm32u5xx_hal_uart.c.obj
 .debug_str     0x00007d6e       0xa7 /usr/lib/gcc/arm-none-eabi/13.2.1/thumb/v8-m.main+fp/hard/libgcc.a(_aeabi_uldivmod.o)
 .debug_str     0x00007d6e      0x68d /usr/lib/gcc/arm-none-eabi/13.2.1/thumb/v8-m.main+fp/hard/libgcc.a(_udivmoddi4.o)
 .debug_str     0x00007d6e       0xc7 /usr/lib/gcc/arm-none-eabi/13.2.1/thumb/v8-m.main+fp/hard/libgcc.a(_dvmd_tls.o)
 .debug_str     0x00007d6e      0x1b0 /usr/lib/gcc/arm-none-eabi/13.2.1/../../../arm-none-eabi/lib/thumb/v8-m.main+fp/hard/libg.a(libc_a-memset.o)
 .debug_str     0x00007d6e      0x4a9 /usr/lib/gcc/arm-none-eabi/13.2.1/../../../arm-none-eabi/lib/thumb/v8-m.main+fp/hard/libg.a(libc_a-errno.o)
 .debug_str     0x00007d6e      0x4b4 /usr/lib/gcc/arm-none-eabi/13.2.1/../../../arm-none-eabi/lib/thumb/v8-m.main+fp/hard/libg.a(libc_a-impure.o)
 .debug_str     0x00007d6e      0x1fd /usr/lib/gcc/arm-none-eabi/13.2.1/../../../arm-none-eabi/lib/thumb/v8-m.main+fp/hard/libg.a(libc_a-init.o)
 .debug_str     0x00007d6e      0x6b7 /usr/lib/gcc/arm-none-eabi/13.2.1/../../../arm-none-eabi/lib/thumb/v8-m.main+fp/hard/libg.a(libc_a-findfp.o)
 .debug_str     0x00007d6e      0x1c2 /usr/lib/gcc/arm-none-eabi/13.2.1/../../../arm-none-eabi/lib/thumb/v8-m.main+fp/hard/libg.a(libc_a-exit.o)
 .debug_str     0x00007d6e      0x1d9 /usr/lib/gcc/arm-none-eabi/13.2.1/../../../arm-none-eabi/lib/thumb/v8-m.main+fp/hard/libg.a(libc_a-atexit.o)
 .debug_str     0x00007d6e      0x1d3 /usr/lib/gcc/arm-none-eabi/13.2.1/../../../arm-none-eabi/lib/thumb/v8-m.main+fp/hard/libg.a(libc_a-fini.o)
 .debug_str     0x00007d6e      0x266 /usr/lib/gcc/arm-none-eabi/13.2.1/../../../arm-none-eabi/lib/thumb/v8-m.main+fp/hard/libg.a(libc_a-__call_atexit.o)
 .debug_str     0x00007d6e      0x244 /usr/lib/gcc/arm-none-eabi/13.2.1/../../../arm-none-eabi/lib/thumb/v8-m.main+fp/hard/libg.a(libc_a-__atexit.o)

.debug_loc
 *(.debug_loc)

.debug_macinfo
 *(.debug_macinfo)

.debug_weaknames
 *(.debug_weaknames)

.debug_funcnames
 *(.debug_funcnames)

.debug_typenames
 *(.debug_typenames)

.debug_varnames
 *(.debug_varnames)

.debug_pubtypes
 *(.debug_pubtypes)

.debug_ranges
 *(.debug_ranges)

.debug_addr
 *(.debug_addr)

.debug_line_str
                0x00000000      0x12d
 *(.debug_line_str)
 .debug_line_str
                0x00000000      0x12d /usr/lib/gcc/arm-none-eabi/13.2.1/../../../arm-none-eabi/lib/thumb/v8-m.main+fp/hard/crt0.o
                                 0x86 (size before relaxing)
 .debug_line_str
                0x0000012d       0x9b /usr/lib/gcc/arm-none-eabi/13.2.1/thumb/v8-m.main+fp/hard/libgcc.a(_aeabi_uldivmod.o)
 .debug_line_str
                0x0000012d       0x9f /usr/lib/gcc/arm-none-eabi/13.2.1/thumb/v8-m.main+fp/hard/libgcc.a(_dvmd_tls.o)

.debug_loclists
                0x00000000      0xfa6
 *(.debug_loclists)
 .debug_loclists
                0x00000000      0x93f /usr/lib/gcc/arm-none-eabi/13.2.1/thumb/v8-m.main+fp/hard/libgcc.a(_udivmoddi4.o)
 .debug_loclists
                0x0000093f      0x1c2 /usr/lib/gcc/arm-none-eabi/13.2.1/../../../arm-none-eabi/lib/thumb/v8-m.main+fp/hard/libg.a(libc_a-memset.o)
 .debug_loclists
                0x00000b01       0x65 /usr/lib/gcc/arm-none-eabi/13.2.1/../../../arm-none-eabi/lib/thumb/v8-m.main+fp/hard/libg.a(libc_a-init.o)
 .debug_loclists
                0x00000b66      0x1d0 /usr/lib/gcc/arm-none-eabi/13.2.1/../../../arm-none-eabi/lib/thumb/v8-m.main+fp/hard/libg.a(libc_a-findfp.o)
 .debug_loclists
                0x00000d36       0x1b /usr/lib/gcc/arm-none-eabi/13.2.1/../../../arm-none-eabi/lib/thumb/v8-m.main+fp/hard/libg.a(libc_a-exit.o)
 .debug_loclists
                0x00000d51       0x2b /usr/lib/gcc/arm-none-eabi/13.2.1/../../../arm-none-eabi/lib/thumb/v8-m.main+fp/hard/libg.a(libc_a-atexit.o)
 .debug_loclists
                0x00000d7c       0x42 /usr/lib/gcc/arm-none-eabi/13.2.1/../../../arm-none-eabi/lib/thumb/v8-m.main+fp/hard/libg.a(libc_a-fini.o)
 .debug_loclists
                0x00000dbe      0x102 /usr/lib/gcc/arm-none-eabi/13.2.1/../../../arm-none-eabi/lib/thumb/v8-m.main+fp/hard/libg.a(libc_a-__call_atexit.o)
 .debug_loclists
                0x00000ec0       0xe6 /usr/lib/gcc/arm-none-eabi/13.2.1/../../../arm-none-eabi/lib/thumb/v8-m.main+fp/hard/libg.a(libc_a-__atexit.o)

.debug_macro
 *(.debug_macro)

.debug_names
 *(.debug_names)

.debug_rnglists
                0x00000000     0x101c
 *(.debug_rnglists)
 .debug_rnglists
                0x00000000       0x60 CMakeFiles/anoki.dir/App/Src/beamformer.c.obj
 .debug_rnglists
                0x00000060       0x31 CMakeFiles/anoki.dir/App/Src/bf_spi.c.obj
 .debug_rnglists
                0x00000091       0x13 CMakeFiles/anoki.dir/App/Src/main.c.obj
 .debug_rnglists
                0x000000a4       0x14 CMakeFiles/anoki.dir/Core/Src/gpio.c.obj
 .debug_rnglists
                0x000000b8       0x13 CMakeFiles/anoki.dir/Core/Src/icache.c.obj
 .debug_rnglists
                0x000000cb       0x2d CMakeFiles/anoki.dir/Core/Src/main.c.obj
 .debug_rnglists
                0x000000f8       0x21 CMakeFiles/anoki.dir/Core/Src/spi.c.obj
 .debug_rnglists
                0x00000119       0x13 CMakeFiles/anoki.dir/Core/Src/stm32u5xx_hal_msp.c.obj
 .debug_rnglists
                0x0000012c       0x20 CMakeFiles/anoki.dir/Core/Src/stm32u5xx_hal_timebase_tim.c.obj
 .debug_rnglists
                0x0000014c       0x79 CMakeFiles/anoki.dir/Core/Src/syscalls.c.obj
 .debug_rnglists
                0x000001c5       0x1a CMakeFiles/anoki.dir/Core/Src/system_stm32u5xx.c.obj
 .debug_rnglists
                0x000001df       0x94 CMakeFiles/anoki.dir/Drivers/BSP/STM32U5xx_Nucleo/stm32u5xx_nucleo.c.obj
 .debug_rnglists
                0x00000273       0xf3 CMakeFiles/anoki.dir/Drivers/STM32U5xx_HAL_Driver/Src/stm32u5xx_hal.c.obj
 .debug_rnglists
                0x00000366       0xec CMakeFiles/anoki.dir/Drivers/STM32U5xx_HAL_Driver/Src/stm32u5xx_hal_cortex.c.obj
 .debug_rnglists
                0x00000452       0x53 CMakeFiles/anoki.dir/Drivers/STM32U5xx_HAL_Driver/Src/stm32u5xx_hal_exti.c.obj
 .debug_rnglists
                0x000004a5       0x5a CMakeFiles/anoki.dir/Drivers/STM32U5xx_HAL_Driver/Src/stm32u5xx_hal_gpio.c.obj
 .debug_rnglists
                0x000004ff       0x7a CMakeFiles/anoki.dir/Drivers/STM32U5xx_HAL_Driver/Src/stm32u5xx_hal_icache.c.obj
 .debug_rnglists
                0x00000579      0x186 CMakeFiles/anoki.dir/Drivers/STM32U5xx_HAL_Driver/Src/stm32u5xx_hal_pwr_ex.c.obj
 .debug_rnglists
                0x000006ff       0x7f CMakeFiles/anoki.dir/Drivers/STM32U5xx_HAL_Driver/Src/stm32u5xx_hal_rcc.c.obj
 .debug_rnglists
                0x0000077e      0x113 CMakeFiles/anoki.dir/Drivers/STM32U5xx_HAL_Driver/Src/stm32u5xx_hal_rcc_ex.c.obj
 .debug_rnglists
                0x00000891      0x148 CMakeFiles/anoki.dir/Drivers/STM32U5xx_HAL_Driver/Src/stm32u5xx_hal_spi.c.obj
 .debug_rnglists
                0x000009d9      0x333 CMakeFiles/anoki.dir/Drivers/STM32U5xx_HAL_Driver/Src/stm32u5xx_hal_tim.c.obj
 .debug_rnglists
                0x00000d0c      0x1fb CMakeFiles/anoki.dir/Drivers/STM32U5xx_HAL_Driver/Src/stm32u5xx_hal_uart.c.obj
 .debug_rnglists
                0x00000f07       0x75 /usr/lib/gcc/arm-none-eabi/13.2.1/thumb/v8-m.main+fp/hard/libgcc.a(_udivmoddi4.o)
 .debug_rnglists
                0x00000f7c       0x66 /usr/lib/gcc/arm-none-eabi/13.2.1/../../../arm-none-eabi/lib/thumb/v8-m.main+fp/hard/libg.a(libc_a-findfp.o)
 .debug_rnglists
                0x00000fe2       0x3a /usr/lib/gcc/arm-none-eabi/13.2.1/../../../arm-none-eabi/lib/thumb/v8-m.main+fp/hard/libg.a(libc_a-__call_atexit.o)

.debug_str_offsets
 *(.debug_str_offsets)

.debug_sup
 *(.debug_sup)

.ARM.attributes
                0x00000000       0x36
 *(.ARM.attributes)
 .ARM.attributes
                0x00000000       0x26 /usr/lib/gcc/arm-none-eabi/13.2.1/thumb/v8-m.main+fp/hard/crti.o
 .ARM.attributes
                0x00000026       0x38 /usr/lib/gcc/arm-none-eabi/13.2.1/thumb/v8-m.main+fp/hard/crtbegin.o
 .ARM.attributes
                0x0000005e       0x24 /usr/lib/gcc/arm-none-eabi/13.2.1/../../../arm-none-eabi/lib/thumb/v8-m.main+fp/hard/crt0.o
 .ARM.attributes
                0x00000082       0x3a CMakeFiles/anoki.dir/App/Src/beamformer.c.obj
 .ARM.attributes
                0x000000bc       0x3a CMakeFiles/anoki.dir/App/Src/bf_spi.c.obj
 .ARM.attributes
                0x000000f6       0x3a CMakeFiles/anoki.dir/App/Src/converter.c.obj
 .ARM.attributes
                0x00000130       0x3a CMakeFiles/anoki.dir/App/Src/main.c.obj
 .ARM.attributes
                0x0000016a       0x3a CMakeFiles/anoki.dir/App/Src/usb-spi-control.c.obj
 .ARM.attributes
                0x000001a4       0x3a CMakeFiles/anoki.dir/Core/Src/gpio.c.obj
 .ARM.attributes
                0x000001de       0x3a CMakeFiles/anoki.dir/Core/Src/icache.c.obj
 .ARM.attributes
                0x00000218       0x3a CMakeFiles/anoki.dir/Core/Src/main.c.obj
 .ARM.attributes
                0x00000252       0x3a CMakeFiles/anoki.dir/Core/Src/spi.c.obj
 .ARM.attributes
                0x0000028c       0x3a CMakeFiles/anoki.dir/Core/Src/stm32u5xx_hal_msp.c.obj
 .ARM.attributes
                0x000002c6       0x3a CMakeFiles/anoki.dir/Core/Src/stm32u5xx_hal_timebase_tim.c.obj
 .ARM.attributes
                0x00000300       0x3a CMakeFiles/anoki.dir/Core/Src/stm32u5xx_it.c.obj
 .ARM.attributes
                0x0000033a       0x3a CMakeFiles/anoki.dir/Core/Src/syscalls.c.obj
 .ARM.attributes
                0x00000374       0x3a CMakeFiles/anoki.dir/Core/Src/sysmem.c.obj
 .ARM.attributes
                0x000003ae       0x3a CMakeFiles/anoki.dir/Core/Src/system_stm32u5xx.c.obj
 .ARM.attributes
                0x000003e8       0x3a CMakeFiles/anoki.dir/Drivers/BSP/STM32U5xx_Nucleo/stm32u5xx_nucleo.c.obj
 .ARM.attributes
                0x00000422       0x3a CMakeFiles/anoki.dir/Drivers/BSP/STM32U5xx_Nucleo/stm32u5xx_nucleo_usbpd_pwr.c.obj
 .ARM.attributes
                0x0000045c       0x3a CMakeFiles/anoki.dir/Drivers/STM32U5xx_HAL_Driver/Src/stm32u5xx_hal.c.obj
 .ARM.attributes
                0x00000496       0x3a CMakeFiles/anoki.dir/Drivers/STM32U5xx_HAL_Driver/Src/stm32u5xx_hal_cortex.c.obj
 .ARM.attributes
                0x000004d0       0x3a CMakeFiles/anoki.dir/Drivers/STM32U5xx_HAL_Driver/Src/stm32u5xx_hal_dma.c.obj
 .ARM.attributes
                0x0000050a       0x3a CMakeFiles/anoki.dir/Drivers/STM32U5xx_HAL_Driver/Src/stm32u5xx_hal_dma_ex.c.obj
 .ARM.attributes
                0x00000544       0x3a CMakeFiles/anoki.dir/Drivers/STM32U5xx_HAL_Driver/Src/stm32u5xx_hal_exti.c.obj
 .ARM.attributes
                0x0000057e       0x3a CMakeFiles/anoki.dir/Drivers/STM32U5xx_HAL_Driver/Src/stm32u5xx_hal_flash.c.obj
 .ARM.attributes
                0x000005b8       0x3a CMakeFiles/anoki.dir/Drivers/STM32U5xx_HAL_Driver/Src/stm32u5xx_hal_flash_ex.c.obj
 .ARM.attributes
                0x000005f2       0x3a CMakeFiles/anoki.dir/Drivers/STM32U5xx_HAL_Driver/Src/stm32u5xx_hal_gpio.c.obj
 .ARM.attributes
                0x0000062c       0x3a CMakeFiles/anoki.dir/Drivers/STM32U5xx_HAL_Driver/Src/stm32u5xx_hal_gtzc.c.obj
 .ARM.attributes
                0x00000666       0x3a CMakeFiles/anoki.dir/Drivers/STM32U5xx_HAL_Driver/Src/stm32u5xx_hal_i2c.c.obj
 .ARM.attributes
                0x000006a0       0x3a CMakeFiles/anoki.dir/Drivers/STM32U5xx_HAL_Driver/Src/stm32u5xx_hal_i2c_ex.c.obj
 .ARM.attributes
                0x000006da       0x3a CMakeFiles/anoki.dir/Drivers/STM32U5xx_HAL_Driver/Src/stm32u5xx_hal_icache.c.obj
 .ARM.attributes
                0x00000714       0x3a CMakeFiles/anoki.dir/Drivers/STM32U5xx_HAL_Driver/Src/stm32u5xx_hal_pwr.c.obj
 .ARM.attributes
                0x0000074e       0x3a CMakeFiles/anoki.dir/Drivers/STM32U5xx_HAL_Driver/Src/stm32u5xx_hal_pwr_ex.c.obj
 .ARM.attributes
                0x00000788       0x3a CMakeFiles/anoki.dir/Drivers/STM32U5xx_HAL_Driver/Src/stm32u5xx_hal_rcc.c.obj
 .ARM.attributes
                0x000007c2       0x3a CMakeFiles/anoki.dir/Drivers/STM32U5xx_HAL_Driver/Src/stm32u5xx_hal_rcc_ex.c.obj
 .ARM.attributes
                0x000007fc       0x3a CMakeFiles/anoki.dir/Drivers/STM32U5xx_HAL_Driver/Src/stm32u5xx_hal_spi.c.obj
 .ARM.attributes
                0x00000836       0x3a CMakeFiles/anoki.dir/Drivers/STM32U5xx_HAL_Driver/Src/stm32u5xx_hal_spi_ex.c.obj
 .ARM.attributes
                0x00000870       0x3a CMakeFiles/anoki.dir/Drivers/STM32U5xx_HAL_Driver/Src/stm32u5xx_hal_tim.c.obj
 .ARM.attributes
                0x000008aa       0x3a CMakeFiles/anoki.dir/Drivers/STM32U5xx_HAL_Driver/Src/stm32u5xx_hal_tim_ex.c.obj
 .ARM.attributes
                0x000008e4       0x3a CMakeFiles/anoki.dir/Drivers/STM32U5xx_HAL_Driver/Src/stm32u5xx_hal_uart.c.obj
 .ARM.attributes
                0x0000091e       0x3a CMakeFiles/anoki.dir/Drivers/STM32U5xx_HAL_Driver/Src/stm32u5xx_hal_uart_ex.c.obj
 .ARM.attributes
                0x00000958       0x3a CMakeFiles/anoki.dir/Drivers/STM32U5xx_HAL_Driver/Src/stm32u5xx_hal_usart.c.obj
 .ARM.attributes
                0x00000992       0x3a CMakeFiles/anoki.dir/Drivers/STM32U5xx_HAL_Driver/Src/stm32u5xx_hal_usart_ex.c.obj
 .ARM.attributes
                0x000009cc       0x28 CMakeFiles/anoki.dir/startup_stm32u575xx.s.obj
 .ARM.attributes
                0x000009f4       0x26 /usr/lib/gcc/arm-none-eabi/13.2.1/thumb/v8-m.main+fp/hard/libgcc.a(_aeabi_uldivmod.o)
 .ARM.attributes
                0x00000a1a       0x38 /usr/lib/gcc/arm-none-eabi/13.2.1/thumb/v8-m.main+fp/hard/libgcc.a(_udivmoddi4.o)
 .ARM.attributes
                0x00000a52       0x26 /usr/lib/gcc/arm-none-eabi/13.2.1/thumb/v8-m.main+fp/hard/libgcc.a(_dvmd_tls.o)
 .ARM.attributes
                0x00000a78       0x38 /usr/lib/gcc/arm-none-eabi/13.2.1/../../../arm-none-eabi/lib/thumb/v8-m.main+fp/hard/libg.a(libc_a-memset.o)
 .ARM.attributes
                0x00000ab0       0x38 /usr/lib/gcc/arm-none-eabi/13.2.1/../../../arm-none-eabi/lib/thumb/v8-m.main+fp/hard/libg.a(libc_a-errno.o)
 .ARM.attributes
                0x00000ae8       0x38 /usr/lib/gcc/arm-none-eabi/13.2.1/../../../arm-none-eabi/lib/thumb/v8-m.main+fp/hard/libg.a(libc_a-impure.o)
 .ARM.attributes
                0x00000b20       0x38 /usr/lib/gcc/arm-none-eabi/13.2.1/../../../arm-none-eabi/lib/thumb/v8-m.main+fp/hard/libg.a(libc_a-init.o)
 .ARM.attributes
                0x00000b58       0x38 /usr/lib/gcc/arm-none-eabi/13.2.1/../../../arm-none-eabi/lib/thumb/v8-m.main+fp/hard/libg.a(libc_a-findfp.o)
 .ARM.attributes
                0x00000b90       0x38 /usr/lib/gcc/arm-none-eabi/13.2.1/../../../arm-none-eabi/lib/thumb/v8-m.main+fp/hard/libg.a(libc_a-exit.o)
 .ARM.attributes
                0x00000bc8       0x38 /usr/lib/gcc/arm-none-eabi/13.2.1/../../../arm-none-eabi/lib/thumb/v8-m.main+fp/hard/libg.a(libc_a-atexit.o)
 .ARM.attributes
                0x00000c00       0x38 /usr/lib/gcc/arm-none-eabi/13.2.1/../../../arm-none-eabi/lib/thumb/v8-m.main+fp/hard/libg.a(libc_a-fini.o)
 .ARM.attributes
                0x00000c38       0x38 /usr/lib/gcc/arm-none-eabi/13.2.1/../../../arm-none-eabi/lib/thumb/v8-m.main+fp/hard/libg.a(libc_a-fwalk.o)
 .ARM.attributes
                0x00000c70       0x38 /usr/lib/gcc/arm-none-eabi/13.2.1/../../../arm-none-eabi/lib/thumb/v8-m.main+fp/hard/libg.a(libc_a-mallocr.o)
 .ARM.attributes
                0x00000ca8       0x38 /usr/lib/gcc/arm-none-eabi/13.2.1/../../../arm-none-eabi/lib/thumb/v8-m.main+fp/hard/libg.a(libc_a-freer.o)
 .ARM.attributes
                0x00000ce0       0x38 /usr/lib/gcc/arm-none-eabi/13.2.1/../../../arm-none-eabi/lib/thumb/v8-m.main+fp/hard/libg.a(libc_a-fclose.o)
 .ARM.attributes
                0x00000d18       0x38 /usr/lib/gcc/arm-none-eabi/13.2.1/../../../arm-none-eabi/lib/thumb/v8-m.main+fp/hard/libg.a(libc_a-__call_atexit.o)
 .ARM.attributes
                0x00000d50       0x38 /usr/lib/gcc/arm-none-eabi/13.2.1/../../../arm-none-eabi/lib/thumb/v8-m.main+fp/hard/libg.a(libc_a-sysconf.o)
 .ARM.attributes
                0x00000d88       0x38 /usr/lib/gcc/arm-none-eabi/13.2.1/../../../arm-none-eabi/lib/thumb/v8-m.main+fp/hard/libg.a(libc_a-stdio.o)
 .ARM.attributes
                0x00000dc0       0x38 /usr/lib/gcc/arm-none-eabi/13.2.1/../../../arm-none-eabi/lib/thumb/v8-m.main+fp/hard/libg.a(libc_a-__atexit.o)
 .ARM.attributes
                0x00000df8       0x38 /usr/lib/gcc/arm-none-eabi/13.2.1/../../../arm-none-eabi/lib/thumb/v8-m.main+fp/hard/libg.a(libc_a-writer.o)
 .ARM.attributes
                0x00000e30       0x38 /usr/lib/gcc/arm-none-eabi/13.2.1/../../../arm-none-eabi/lib/thumb/v8-m.main+fp/hard/libg.a(libc_a-mlock.o)
 .ARM.attributes
                0x00000e68       0x38 /usr/lib/gcc/arm-none-eabi/13.2.1/../../../arm-none-eabi/lib/thumb/v8-m.main+fp/hard/libg.a(libc_a-sbrkr.o)
 .ARM.attributes
                0x00000ea0       0x38 /usr/lib/gcc/arm-none-eabi/13.2.1/../../../arm-none-eabi/lib/thumb/v8-m.main+fp/hard/libg.a(libc_a-closer.o)
 .ARM.attributes
                0x00000ed8       0x38 /usr/lib/gcc/arm-none-eabi/13.2.1/../../../arm-none-eabi/lib/thumb/v8-m.main+fp/hard/libg.a(libc_a-fflush.o)
 .ARM.attributes
                0x00000f10       0x38 /usr/lib/gcc/arm-none-eabi/13.2.1/../../../arm-none-eabi/lib/thumb/v8-m.main+fp/hard/libg.a(libc_a-readr.o)
 .ARM.attributes
                0x00000f48       0x38 /usr/lib/gcc/arm-none-eabi/13.2.1/../../../arm-none-eabi/lib/thumb/v8-m.main+fp/hard/libg.a(libc_a-lseekr.o)
 .ARM.attributes
                0x00000f80       0x38 /usr/lib/gcc/arm-none-eabi/13.2.1/../../../arm-none-eabi/lib/thumb/v8-m.main+fp/hard/libg.a(libc_a-reent.o)
 .ARM.attributes
                0x00000fb8       0x38 /usr/lib/gcc/arm-none-eabi/13.2.1/thumb/v8-m.main+fp/hard/crtend.o
 .ARM.attributes
                0x00000ff0       0x26 /usr/lib/gcc/arm-none-eabi/13.2.1/thumb/v8-m.main+fp/hard/crtn.o
 *(.gnu.attributes)

.note.gnu.arm.ident
 *(.note.gnu.arm.ident)

/DISCARD/
 *(.note.GNU-stack)
 *(.gnu_debuglink)
 *(.gnu.lto_*)
OUTPUT(anoki elf32-littlearm)
LOAD linker stubs
